Archive member included to satisfy reference by file (symbol)

../libs/libarm_cortexM4lf_math.a(arm_float_to_q15.o)
                              ./Core/Src/main.o (arm_float_to_q15)
../libs/libarm_cortexM4lf_math.a(arm_max_q15.o)
                              ./Core/Src/main.o (arm_max_q15)
../libs/libarm_cortexM4lf_math.a(arm_rfft_q15.o)
                              ./Core/Src/main.o (arm_rfft_q15)
../libs/libarm_cortexM4lf_math.a(arm_rfft_init_q15.o)
                              ./Core/Src/main.o (arm_rfft_init_q15)
../libs/libarm_cortexM4lf_math.a(arm_fir_q15.o)
                              ./Core/Src/main.o (arm_fir_q15)
../libs/libarm_cortexM4lf_math.a(arm_fir_init_q15.o)
                              ./Core/Src/main.o (arm_fir_init_q15)
../libs/libarm_cortexM4lf_math.a(arm_fir_fast_q15.o)
                              ./Core/Src/main.o (arm_fir_fast_q15)
../libs/libarm_cortexM4lf_math.a(arm_cmplx_mag_q15.o)
                              ./Core/Src/main.o (arm_cmplx_mag_q15)
../libs/libarm_cortexM4lf_math.a(arm_sqrt_q15.o)
                              ../libs/libarm_cortexM4lf_math.a(arm_cmplx_mag_q15.o) (arm_sqrt_q15)
../libs/libarm_cortexM4lf_math.a(arm_offset_q15.o)
                              ./Core/Src/main.o (arm_offset_q15)
../libs/libarm_cortexM4lf_math.a(arm_const_structs.o)
                              ../libs/libarm_cortexM4lf_math.a(arm_rfft_init_q15.o) (arm_cfft_sR_q15_len4096)
../libs/libarm_cortexM4lf_math.a(arm_common_tables.o)
                              ../libs/libarm_cortexM4lf_math.a(arm_const_structs.o) (armBitRevIndexTable_fixed_4096)
../libs/libarm_cortexM4lf_math.a(arm_cfft_q15.o)
                              ../libs/libarm_cortexM4lf_math.a(arm_rfft_q15.o) (arm_cfft_q15)
../libs/libarm_cortexM4lf_math.a(arm_bitreversal2.o)
                              ../libs/libarm_cortexM4lf_math.a(arm_cfft_q15.o) (arm_bitreversal_16)
../libs/libarm_cortexM4lf_math.a(arm_cfft_radix4_q15.o)
                              ../libs/libarm_cortexM4lf_math.a(arm_cfft_q15.o) (arm_radix4_butterfly_q15)
../libs/libarm_cortexM4lf_math.a(arm_bitreversal.o)
                              ../libs/libarm_cortexM4lf_math.a(arm_cfft_radix4_q15.o) (arm_bitreversal_q15)
/home/abhaas/st/stm32cubeide_1.9.0/plugins/com.st.stm32cube.ide.mcu.externaltools.gnu-tools-for-stm32.10.3-2021.10.linux64_1.0.0.202111181127/tools/bin/../lib/gcc/arm-none-eabi/10.3.1/../../../../arm-none-eabi/lib/thumb/v7e-m+fp/hard/libc_nano.a(lib_a-errno.o)
                              ./Core/Src/syscalls.o (__errno)
/home/abhaas/st/stm32cubeide_1.9.0/plugins/com.st.stm32cube.ide.mcu.externaltools.gnu-tools-for-stm32.10.3-2021.10.linux64_1.0.0.202111181127/tools/bin/../lib/gcc/arm-none-eabi/10.3.1/../../../../arm-none-eabi/lib/thumb/v7e-m+fp/hard/libc_nano.a(lib_a-exit.o)
                              /home/abhaas/st/stm32cubeide_1.9.0/plugins/com.st.stm32cube.ide.mcu.externaltools.gnu-tools-for-stm32.10.3-2021.10.linux64_1.0.0.202111181127/tools/bin/../lib/gcc/arm-none-eabi/10.3.1/../../../../arm-none-eabi/lib/thumb/v7e-m+fp/hard/crt0.o (exit)
/home/abhaas/st/stm32cubeide_1.9.0/plugins/com.st.stm32cube.ide.mcu.externaltools.gnu-tools-for-stm32.10.3-2021.10.linux64_1.0.0.202111181127/tools/bin/../lib/gcc/arm-none-eabi/10.3.1/../../../../arm-none-eabi/lib/thumb/v7e-m+fp/hard/libc_nano.a(lib_a-findfp.o)
                              ./Middlewares/Third_Party/FreeRTOS/Source/tasks.o (__sf_fake_stderr)
/home/abhaas/st/stm32cubeide_1.9.0/plugins/com.st.stm32cube.ide.mcu.externaltools.gnu-tools-for-stm32.10.3-2021.10.linux64_1.0.0.202111181127/tools/bin/../lib/gcc/arm-none-eabi/10.3.1/../../../../arm-none-eabi/lib/thumb/v7e-m+fp/hard/libc_nano.a(lib_a-fwalk.o)
                              /home/abhaas/st/stm32cubeide_1.9.0/plugins/com.st.stm32cube.ide.mcu.externaltools.gnu-tools-for-stm32.10.3-2021.10.linux64_1.0.0.202111181127/tools/bin/../lib/gcc/arm-none-eabi/10.3.1/../../../../arm-none-eabi/lib/thumb/v7e-m+fp/hard/libc_nano.a(lib_a-findfp.o) (_fwalk)
/home/abhaas/st/stm32cubeide_1.9.0/plugins/com.st.stm32cube.ide.mcu.externaltools.gnu-tools-for-stm32.10.3-2021.10.linux64_1.0.0.202111181127/tools/bin/../lib/gcc/arm-none-eabi/10.3.1/../../../../arm-none-eabi/lib/thumb/v7e-m+fp/hard/libc_nano.a(lib_a-impure.o)
                              /home/abhaas/st/stm32cubeide_1.9.0/plugins/com.st.stm32cube.ide.mcu.externaltools.gnu-tools-for-stm32.10.3-2021.10.linux64_1.0.0.202111181127/tools/bin/../lib/gcc/arm-none-eabi/10.3.1/../../../../arm-none-eabi/lib/thumb/v7e-m+fp/hard/libc_nano.a(lib_a-exit.o) (_global_impure_ptr)
/home/abhaas/st/stm32cubeide_1.9.0/plugins/com.st.stm32cube.ide.mcu.externaltools.gnu-tools-for-stm32.10.3-2021.10.linux64_1.0.0.202111181127/tools/bin/../lib/gcc/arm-none-eabi/10.3.1/../../../../arm-none-eabi/lib/thumb/v7e-m+fp/hard/libc_nano.a(lib_a-init.o)
[...]
Memory Configuration

Name             Origin             Length             Attributes
RAM              0x0000000020000000 0x0000000000020000 xrw
FLASH            0x0000000008000000 0x0000000000080000 xr
*default*        0x0000000000000000 0xffffffffffffffff

Linker script and memory map

LOAD /home/abhaas/st/stm32cubeide_1.9.0/plugins/com.st.stm32cube.ide.mcu.externaltools.gnu-tools-for-stm32.10.3-2021.10.linux64_1.0.0.202111181127/tools/bin/../lib/gcc/arm-none-eabi/10.3.1/thumb/v7e-m+fp/hard/crti.o
LOAD /home/abhaas/st/stm32cubeide_1.9.0/plugins/com.st.stm32cube.ide.mcu.externaltools.gnu-tools-for-stm32.10.3-2021.10.linux64_1.0.0.202111181127/tools/bin/../lib/gcc/arm-none-eabi/10.3.1/thumb/v7e-m+fp/hard/crtbegin.o
LOAD /home/abhaas/st/stm32cubeide_1.9.0/plugins/com.st.stm32cube.ide.mcu.externaltools.gnu-tools-for-stm32.10.3-2021.10.linux64_1.0.0.202111181127/tools/bin/../lib/gcc/arm-none-eabi/10.3.1/../../../../arm-none-eabi/lib/thumb/v7e-m+fp/hard/crt0.o
LOAD ./Core/Src/fatfs_sd.o
LOAD ./Core/Src/freertos.o
LOAD ./Core/Src/i2c-lcd.o
LOAD ./Core/Src/main.o
LOAD ./Core/Src/stm32f4xx_hal_msp.o
LOAD ./Core/Src/stm32f4xx_hal_timebase_tim.o
LOAD ./Core/Src/stm32f4xx_it.o
LOAD ./Core/Src/syscalls.o
LOAD ./Core/Src/sysmem.o
LOAD ./Core/Src/system_stm32f4xx.o
LOAD ./Core/Startup/startup_stm32f411retx.o
LOAD ./Drivers/STM32F4xx_HAL_Driver/Src/stm32f4xx_hal.o
LOAD ./Drivers/STM32F4xx_HAL_Driver/Src/stm32f4xx_hal_adc.o
LOAD ./Drivers/STM32F4xx_HAL_Driver/Src/stm32f4xx_hal_adc_ex.o
LOAD ./Drivers/STM32F4xx_HAL_Driver/Src/stm32f4xx_hal_cortex.o
LOAD ./Drivers/STM32F4xx_HAL_Driver/Src/stm32f4xx_hal_dma.o
LOAD ./Drivers/STM32F4xx_HAL_Driver/Src/stm32f4xx_hal_dma_ex.o
LOAD ./Drivers/STM32F4xx_HAL_Driver/Src/stm32f4xx_hal_exti.o
LOAD ./Drivers/STM32F4xx_HAL_Driver/Src/stm32f4xx_hal_flash.o
LOAD ./Drivers/STM32F4xx_HAL_Driver/Src/stm32f4xx_hal_flash_ex.o
LOAD ./Drivers/STM32F4xx_HAL_Driver/Src/stm32f4xx_hal_flash_ramfunc.o
LOAD ./Drivers/STM32F4xx_HAL_Driver/Src/stm32f4xx_hal_gpio.o
LOAD ./Drivers/STM32F4xx_HAL_Driver/Src/stm32f4xx_hal_i2c.o
LOAD ./Drivers/STM32F4xx_HAL_Driver/Src/stm32f4xx_hal_i2c_ex.o
LOAD ./Drivers/STM32F4xx_HAL_Driver/Src/stm32f4xx_hal_pwr.o
LOAD ./Drivers/STM32F4xx_HAL_Driver/Src/stm32f4xx_hal_pwr_ex.o
LOAD ./Drivers/STM32F4xx_HAL_Driver/Src/stm32f4xx_hal_rcc.o
LOAD ./Drivers/STM32F4xx_HAL_Driver/Src/stm32f4xx_hal_rcc_ex.o
LOAD ./Drivers/STM32F4xx_HAL_Driver/Src/stm32f4xx_hal_spi.o
LOAD ./Drivers/STM32F4xx_HAL_Driver/Src/stm32f4xx_hal_tim.o
LOAD ./Drivers/STM32F4xx_HAL_Driver/Src/stm32f4xx_hal_tim_ex.o
LOAD ./Drivers/STM32F4xx_HAL_Driver/Src/stm32f4xx_hal_uart.o
LOAD ./Drivers/STM32F4xx_HAL_Driver/Src/stm32f4xx_ll_adc.o
LOAD ./FATFS/App/fatfs.o
LOAD ./FATFS/Target/user_diskio.o
LOAD ./Middlewares/Third_Party/FatFs/src/diskio.o
LOAD ./Middlewares/Third_Party/FatFs/src/ff.o
LOAD ./Middlewares/Third_Party/FatFs/src/ff_gen_drv.o
LOAD ./Middlewares/Third_Party/FatFs/src/option/ccsbcs.o
LOAD ./Middlewares/Third_Party/FatFs/src/option/syscall.o
LOAD ./Middlewares/Third_Party/FreeRTOS/Source/CMSIS_RTOS_V2/cmsis_os2.o
LOAD ./Middlewares/Third_Party/FreeRTOS/Source/croutine.o
LOAD ./Middlewares/Third_Party/FreeRTOS/Source/event_groups.o
LOAD ./Middlewares/Third_Party/FreeRTOS/Source/list.o
LOAD ./Middlewares/Third_Party/FreeRTOS/Source/queue.o
LOAD ./Middlewares/Third_Party/FreeRTOS/Source/stream_buffer.o
LOAD ./Middlewares/Third_Party/FreeRTOS/Source/tasks.o
LOAD ./Middlewares/Third_Party/FreeRTOS/Source/timers.o
LOAD ./Middlewares/Third_Party/FreeRTOS/Source/portable/GCC/ARM_CM4F/port.o
LOAD ./Middlewares/Third_Party/FreeRTOS/Source/portable/MemMang/heap_4.o
LOAD ../libs/libarm_cortexM4lf_math.a
START GROUP
LOAD /home/abhaas/st/stm32cubeide_1.9.0/plugins/com.st.stm32cube.ide.mcu.externaltools.gnu-tools-for-stm32.10.3-2021.10.linux64_1.0.0.202111181127/tools/bin/../lib/gcc/arm-none-eabi/10.3.1/../../../../arm-none-eabi/lib/thumb/v7e-m+fp/hard/libc_nano.a
LOAD /home/abhaas/st/stm32cubeide_1.9.0/plugins/com.st.stm32cube.ide.mcu.externaltools.gnu-tools-for-stm32.10.3-2021.10.linux64_1.0.0.202111181127/tools/bin/../lib/gcc/arm-none-eabi/10.3.1/../../../../arm-none-eabi/lib/thumb/v7e-m+fp/hard/libm.a
END GROUP
START GROUP
LOAD /home/abhaas/st/stm32cubeide_1.9.0/plugins/com.st.stm32cube.ide.mcu.externaltools.gnu-tools-for-stm32.10.3-2021.10.linux64_1.0.0.202111181127/tools/bin/../lib/gcc/arm-none-eabi/10.3.1/thumb/v7e-m+fp/hard/libgcc.a
LOAD /home/abhaas/st/stm32cubeide_1.9.0/plugins/com.st.stm32cube.ide.mcu.externaltools.gnu-tools-for-stm32.10.3-2021.10.linux64_1.0.0.202111181127/tools/bin/../lib/gcc/arm-none-eabi/10.3.1/../../../../arm-none-eabi/lib/thumb/v7e-m+fp/hard/libc_nano.a
END GROUP
START GROUP
LOAD /home/abhaas/st/stm32cubeide_1.9.0/plugins/com.st.stm32cube.ide.mcu.externaltools.gnu-tools-for-stm32.10.3-2021.10.linux64_1.0.0.202111181127/tools/bin/../lib/gcc/arm-none-eabi/10.3.1/thumb/v7e-m+fp/hard/libgcc.a
LOAD /home/abhaas/st/stm32cubeide_1.9.0/plugins/com.st.stm32cube.ide.mcu.externaltools.gnu-tools-for-stm32.10.3-2021.10.linux64_1.0.0.202111181127/tools/bin/../lib/gcc/arm-none-eabi/10.3.1/../../../../arm-none-eabi/lib/thumb/v7e-m+fp/hard/libc_nano.a
LOAD /home/abhaas/st/stm32cubeide_1.9.0/plugins/com.st.stm32cube.ide.mcu.externaltools.gnu-tools-for-stm32.10.3-2021.10.linux64_1.0.0.202111181127/tools/bin/../lib/gcc/arm-none-eabi/10.3.1/../../../../arm-none-eabi/lib/thumb/v7e-m+fp/hard/libnosys.a
END GROUP
START GROUP
LOAD /home/abhaas/st/stm32cubeide_1.9.0/plugins/com.st.stm32cube.ide.mcu.externaltools.gnu-tools-for-stm32.10.3-2021.10.linux64_1.0.0.202111181127/tools/bin/../lib/gcc/arm-none-eabi/10.3.1/thumb/v7e-m+fp/hard/libgcc.a
LOAD /home/abhaas/st/stm32cubeide_1.9.0/plugins/com.st.stm32cube.ide.mcu.externaltools.gnu-tools-for-stm32.10.3-2021.10.linux64_1.0.0.202111181127/tools/bin/../lib/gcc/arm-none-eabi/10.3.1/../../../../arm-none-eabi/lib/thumb/v7e-m+fp/hard/libc_nano.a
LOAD /home/abhaas/st/stm32cubeide_1.9.0/plugins/com.st.stm32cube.ide.mcu.externaltools.gnu-tools-for-stm32.10.3-2021.10.linux64_1.0.0.202111181127/tools/bin/../lib/gcc/arm-none-eabi/10.3.1/../../../../arm-none-eabi/lib/thumb/v7e-m+fp/hard/libnosys.a
END GROUP
LOAD /home/abhaas/st/stm32cubeide_1.9.0/plugins/com.st.stm32cube.ide.mcu.externaltools.gnu-tools-for-stm32.10.3-2021.10.linux64_1.0.0.202111181127/tools/bin/../lib/gcc/arm-none-eabi/10.3.1/thumb/v7e-m+fp/hard/crtend.o
LOAD /home/abhaas/st/stm32cubeide_1.9.0/plugins/com.st.stm32cube.ide.mcu.externaltools.gnu-tools-for-stm32.10.3-2021.10.linux64_1.0.0.202111181127/tools/bin/../lib/gcc/arm-none-eabi/10.3.1/thumb/v7e-m+fp/hard/crtn.o
                0x0000000020020000                _estack = (ORIGIN (RAM) + LENGTH (RAM))
                0x0000000000000200                _Min_Heap_Size = 0x200
                0x0000000000000400                _Min_Stack_Size = 0x400

.isr_vector     0x0000000008000000      0x198
                0x0000000008000000                . = ALIGN (0x4)
 *(.isr_vector)
 .isr_vector    0x0000000008000000      0x198 ./Core/Startup/startup_stm32f411retx.o
                0x0000000008000000                g_pfnVectors
                0x0000000008000198                . = ALIGN (0x4)

.text           0x00000000080001a0     0xf02c
                0x00000000080001a0                . = ALIGN (0x4)
 *(.text)
 .text          0x00000000080001a0       0x40 /home/abhaas/st/stm32cubeide_1.9.0/plugins/com.st.stm32cube.ide.mcu.externaltools.gnu-tools-for-stm32.10.3-2021.10.linux64_1.0.0.202111181127/tools/bin/../lib/gcc/arm-none-eabi/10.3.1/thumb/v7e-m+fp/hard/crtbegin.o
 .text          0x00000000080001e0       0xc0 ../libs/libarm_cortexM4lf_math.a(arm_bitreversal2.o)
                0x00000000080001e0                arm_bitreversal_32
                0x000000000800024a                arm_bitreversal_16
 .text          0x00000000080002a0       0xa0 /home/abhaas/st/stm32cubeide_1.9.0/plugins/com.st.stm32cube.ide.mcu.externaltools.gnu-tools-for-stm32.10.3-2021.10.linux64_1.0.0.202111181127/tools/bin/../lib/gcc/arm-none-eabi/10.3.1/../../../../arm-none-eabi/lib/thumb/v7e-m+fp/hard/libc_nano.a(lib_a-memchr.o)
                0x00000000080002a0                memchr
 .text          0x0000000008000340      0x254 /home/abhaas/st/stm32cubeide_1.9.0/plugins/com.st.stm32cube.ide.mcu.externaltools.gnu-tools-for-stm32.10.3-2021.10.linux64_1.0.0.202111181127/tools/bin/../lib/gcc/arm-none-eabi/10.3.1/thumb/v7e-m+fp/hard/libgcc.a(_arm_muldf3.o)
                0x0000000008000340                __aeabi_dmul
                0x0000000008000340                __muldf3
 .text          0x0000000008000594      0x378 /home/abhaas/st/stm32cubeide_1.9.0/plugins/com.st.stm32cube.ide.mcu.externaltools.gnu-tools-for-stm32.10.3-2021.10.linux64_1.0.0.202111181127/tools/bin/../lib/gcc/arm-none-eabi/10.3.1/thumb/v7e-m+fp/hard/libgcc.a(_arm_addsubdf3.o)
                0x0000000008000594                __aeabi_drsub
                0x000000000800059c                __aeabi_dsub
                0x000000000800059c                __subdf3
                0x00000000080005a0                __adddf3
                0x00000000080005a0                __aeabi_dadd
                0x0000000008000818                __aeabi_ui2d
                0x0000000008000818                __floatunsidf
                0x0000000008000838                __floatsidf
                0x0000000008000838                __aeabi_i2d
                0x000000000800085c                __extendsfdf2
                0x000000000800085c                __aeabi_f2d
                0x00000000080008a0                __aeabi_ul2d
                0x00000000080008a0                __floatundidf
                0x00000000080008b0                __floatdidf
                0x00000000080008b0                __aeabi_l2d
 .text          0x000000000800090c       0x40 /home/abhaas/st/stm32cubeide_1.9.0/plugins/com.st.stm32cube.ide.mcu.externaltools.gnu-tools-for-stm32.10.3-2021.10.linux64_1.0.0.202111181127/tools/bin/../lib/gcc/arm-none-eabi/10.3.1/thumb/v7e-m+fp/hard/libgcc.a(_arm_fixunsdfsi.o)
                0x000000000800090c                __fixunsdfsi
                0x000000000800090c                __aeabi_d2uiz
 .text          0x000000000800094c       0x30 /home/abhaas/st/stm32cubeide_1.9.0/plugins/com.st.stm32cube.ide.mcu.externaltools.gnu-tools-for-stm32.10.3-2021.10.linux64_1.0.0.202111181127/tools/bin/../lib/gcc/arm-none-eabi/10.3.1/thumb/v7e-m+fp/hard/libgcc.a(_aeabi_uldivmod.o)
                0x000000000800094c                __aeabi_uldivmod
 .text          0x000000000800097c      0x2d0 /home/abhaas/st/stm32cubeide_1.9.0/plugins/com.st.stm32cube.ide.mcu.externaltools.gnu-tools-for-stm32.10.3-2021.10.linux64_1.0.0.202111181127/tools/bin/../lib/gcc/arm-none-eabi/10.3.1/thumb/v7e-m+fp/hard/libgcc.a(_udivmoddi4.o)
                0x000000000800097c                __udivmoddi4
 .text          0x0000000008000c4c        0x4 /home/abhaas/st/stm32cubeide_1.9.0/plugins/com.st.stm32cube.ide.mcu.externaltools.gnu-tools-for-stm32.10.3-2021.10.linux64_1.0.0.202111181127/tools/bin/../lib/gcc/arm-none-eabi/10.3.1/thumb/v7e-m+fp/hard/libgcc.a(_dvmd_tls.o)
                0x0000000008000c4c                __aeabi_ldiv0
                0x0000000008000c4c                __aeabi_idiv0
 *(.text*)
 .text.SELECT   0x0000000008000c50       0x18 ./Core/Src/fatfs_sd.o
 .text.DESELECT
                0x0000000008000c68       0x18 ./Core/Src/fatfs_sd.o
 .text.SPI_TxByte
                0x0000000008000c80       0x34 ./Core/Src/fatfs_sd.o
 .text.SPI_RxByte
                0x0000000008000cb4       0x3c ./Core/Src/fatfs_sd.o
 .text.SPI_RxBytePtr
                0x0000000008000cf0       0x1c ./Core/Src/fatfs_sd.o
 .text.SD_ReadyWait
                0x0000000008000d0c       0x38 ./Core/Src/fatfs_sd.o
 .text.SD_PowerOn
                0x0000000008000d44       0x98 ./Core/Src/fatfs_sd.o
 .text.SD_PowerOff
                0x0000000008000ddc       0x18 ./Core/Src/fatfs_sd.o
 .text.SD_CheckPower
                0x0000000008000df4       0x18 ./Core/Src/fatfs_sd.o
 .text.SD_RxDataBlock
                0x0000000008000e0c       0x6c ./Core/Src/fatfs_sd.o
 .text.SD_TxDataBlock
                0x0000000008000e78       0xa8 ./Core/Src/fatfs_sd.o
 .text.SD_SendCmd
                0x0000000008000f20       0xa4 ./Core/Src/fatfs_sd.o
 .text.SD_disk_initialize
                0x0000000008000fc4      0x1d4 ./Core/Src/fatfs_sd.o
                0x0000000008000fc4                SD_disk_initialize
 .text.SD_disk_status
                0x0000000008001198       0x2c ./Core/Src/fatfs_sd.o
                0x0000000008001198                SD_disk_status
 .text.SD_disk_read
                0x00000000080011c4       0xd4 ./Core/Src/fatfs_sd.o
                0x00000000080011c4                SD_disk_read
 .text.SD_disk_write
                0x0000000008001298      0x108 ./Core/Src/fatfs_sd.o
                0x0000000008001298                SD_disk_write
 .text.SD_disk_ioctl
                0x00000000080013a0      0x264 ./Core/Src/fatfs_sd.o
                0x00000000080013a0                SD_disk_ioctl
 .text.lcd_send_cmd
                0x0000000008001604       0x68 ./Core/Src/i2c-lcd.o
                0x0000000008001604                lcd_send_cmd
 .text.lcd_send_data
                0x000000000800166c       0x64 ./Core/Src/i2c-lcd.o
                0x000000000800166c                lcd_send_data
 .text.lcd_clear
                0x00000000080016d0       0x14 ./Core/Src/i2c-lcd.o
                0x00000000080016d0                lcd_clear
 .text.lcd_init
                0x00000000080016e4       0x80 ./Core/Src/i2c-lcd.o
                0x00000000080016e4                lcd_init
 .text.lcd_send_string
                0x0000000008001764       0x2e ./Core/Src/i2c-lcd.o
                0x0000000008001764                lcd_send_string
 *fill*         0x0000000008001792        0x2 
 .text.fast_delay
                0x0000000008001794       0xdc ./Core/Src/main.o
                0x0000000008001794                fast_delay
 .text.send_uart
                0x0000000008001870       0x40 ./Core/Src/main.o
                0x0000000008001870                send_uart
 .text.open_append
                0x00000000080018b0       0x2c ./Core/Src/main.o
                0x00000000080018b0                open_append
 .text.mount_sd_card
                0x00000000080018dc      0x144 ./Core/Src/main.o
                0x00000000080018dc                mount_sd_card
 .text.process_data
                0x0000000008001a20      0x1a8 ./Core/Src/main.o
                0x0000000008001a20                process_data
 .text.main     0x0000000008001bc8      0x10c ./Core/Src/main.o
                0x0000000008001bc8                main
 .text.SystemClock_Config
                0x0000000008001cd4       0xd0 ./Core/Src/main.o
                0x0000000008001cd4                SystemClock_Config
 .text.MX_ADC1_Init
                0x0000000008001da4       0xa4 ./Core/Src/main.o
 .text.MX_I2C1_Init
                0x0000000008001e48       0x5c ./Core/Src/main.o
 .text.MX_SPI2_Init
                0x0000000008001ea4       0x6c ./Core/Src/main.o
 .text.MX_TIM2_Init
                0x0000000008001f10       0x98 ./Core/Src/main.o
 .text.MX_USART2_UART_Init
                0x0000000008001fa8       0x54 ./Core/Src/main.o
 .text.MX_DMA_Init
                0x0000000008001ffc       0x6c ./Core/Src/main.o
 .text.MX_GPIO_Init
                0x0000000008002068      0x130 ./Core/Src/main.o
 .text.HAL_ADC_ConvHalfCpltCallback
                0x0000000008002198       0x48 ./Core/Src/main.o
                0x0000000008002198                HAL_ADC_ConvHalfCpltCallback
 .text.HAL_ADC_ConvCpltCallback
                0x00000000080021e0       0x58 ./Core/Src/main.o
                0x00000000080021e0                HAL_ADC_ConvCpltCallback
 .text.HAL_GPIO_EXTI_Callback
                0x0000000008002238       0x30 ./Core/Src/main.o
                0x0000000008002238                HAL_GPIO_EXTI_Callback
 .text.StartProcessInput
                0x0000000008002268       0x44 ./Core/Src/main.o
                0x0000000008002268                StartProcessInput
 .text.StartSaveFile
                0x00000000080022ac       0xf8 ./Core/Src/main.o
                0x00000000080022ac                StartSaveFile
 .text.StartSendLCD
                0x00000000080023a4       0x58 ./Core/Src/main.o
                0x00000000080023a4                StartSendLCD
 .text.HAL_TIM_PeriodElapsedCallback
                0x00000000080023fc       0x24 ./Core/Src/main.o
                0x00000000080023fc                HAL_TIM_PeriodElapsedCallback
 .text.Error_Handler
                0x0000000008002420        0xa ./Core/Src/main.o
                0x0000000008002420                Error_Handler
 *fill*         0x000000000800242a        0x2 
 .text.HAL_MspInit
                0x000000000800242c       0x58 ./Core/Src/stm32f4xx_hal_msp.o
                0x000000000800242c                HAL_MspInit
 .text.HAL_ADC_MspInit
                0x0000000008002484       0xf0 ./Core/Src/stm32f4xx_hal_msp.o
                0x0000000008002484                HAL_ADC_MspInit
 .text.HAL_I2C_MspInit
                0x0000000008002574       0x90 ./Core/Src/stm32f4xx_hal_msp.o
                0x0000000008002574                HAL_I2C_MspInit
 .text.HAL_SPI_MspInit
                0x0000000008002604       0xd0 ./Core/Src/stm32f4xx_hal_msp.o
                0x0000000008002604                HAL_SPI_MspInit
 .text.HAL_TIM_Base_MspInit
                0x00000000080026d4       0x40 ./Core/Src/stm32f4xx_hal_msp.o
                0x00000000080026d4                HAL_TIM_Base_MspInit
 .text.HAL_UART_MspInit
                0x0000000008002714       0xf4 ./Core/Src/stm32f4xx_hal_msp.o
                0x0000000008002714                HAL_UART_MspInit
 .text.HAL_InitTick
                0x0000000008002808       0xb0 ./Core/Src/stm32f4xx_hal_timebase_tim.o
                0x0000000008002808                HAL_InitTick
 .text.NMI_Handler
                0x00000000080028b8        0x6 ./Core/Src/stm32f4xx_it.o
                0x00000000080028b8                NMI_Handler
 .text.HardFault_Handler
                0x00000000080028be        0x6 ./Core/Src/stm32f4xx_it.o
                0x00000000080028be                HardFault_Handler
 .text.MemManage_Handler
                0x00000000080028c4        0x6 ./Core/Src/stm32f4xx_it.o
                0x00000000080028c4                MemManage_Handler
 .text.BusFault_Handler
                0x00000000080028ca        0x6 ./Core/Src/stm32f4xx_it.o
                0x00000000080028ca                BusFault_Handler
 .text.UsageFault_Handler
                0x00000000080028d0        0x6 ./Core/Src/stm32f4xx_it.o
                0x00000000080028d0                UsageFault_Handler
 .text.DebugMon_Handler
                0x00000000080028d6        0xe ./Core/Src/stm32f4xx_it.o
                0x00000000080028d6                DebugMon_Handler
 .text.DMA1_Stream6_IRQHandler
                0x00000000080028e4       0x14 ./Core/Src/stm32f4xx_it.o
                0x00000000080028e4                DMA1_Stream6_IRQHandler
 .text.TIM1_BRK_TIM9_IRQHandler
                0x00000000080028f8       0x14 ./Core/Src/stm32f4xx_it.o
                0x00000000080028f8                TIM1_BRK_TIM9_IRQHandler
 .text.EXTI15_10_IRQHandler
                0x000000000800290c       0x10 ./Core/Src/stm32f4xx_it.o
                0x000000000800290c                EXTI15_10_IRQHandler
 .text.DMA2_Stream0_IRQHandler
                0x000000000800291c       0x14 ./Core/Src/stm32f4xx_it.o
                0x000000000800291c                DMA2_Stream0_IRQHandler
 .text._sbrk    0x0000000008002930       0x6c ./Core/Src/sysmem.o
                0x0000000008002930                _sbrk
 .text.SystemInit
                0x000000000800299c       0x24 ./Core/Src/system_stm32f4xx.o
                0x000000000800299c                SystemInit
 .text.Reset_Handler
                0x00000000080029c0       0x50 ./Core/Startup/startup_stm32f411retx.o
                0x00000000080029c0                Reset_Handler
 .text.Default_Handler
                0x0000000008002a10        0x2 ./Core/Startup/startup_stm32f411retx.o
                0x0000000008002a10                RTC_Alarm_IRQHandler
                0x0000000008002a10                EXTI2_IRQHandler
                0x0000000008002a10                SPI4_IRQHandler
                0x0000000008002a10                TIM1_CC_IRQHandler
                0x0000000008002a10                DMA2_Stream5_IRQHandler
                0x0000000008002a10                DMA1_Stream5_IRQHandler
                0x0000000008002a10                PVD_IRQHandler
                0x0000000008002a10                SDIO_IRQHandler
                0x0000000008002a10                TAMP_STAMP_IRQHandler
                0x0000000008002a10                EXTI3_IRQHandler
                0x0000000008002a10                TIM1_UP_TIM10_IRQHandler
                0x0000000008002a10                I2C3_ER_IRQHandler
                0x0000000008002a10                EXTI0_IRQHandler
                0x0000000008002a10                I2C2_EV_IRQHandler
                0x0000000008002a10                DMA1_Stream2_IRQHandler
                0x0000000008002a10                FPU_IRQHandler
                0x0000000008002a10                DMA2_Stream2_IRQHandler
                0x0000000008002a10                SPI1_IRQHandler
                0x0000000008002a10                DMA2_Stream3_IRQHandler
                0x0000000008002a10                USART6_IRQHandler
                0x0000000008002a10                TIM4_IRQHandler
                0x0000000008002a10                I2C1_EV_IRQHandler
                0x0000000008002a10                DMA1_Stream1_IRQHandler
                0x0000000008002a10                TIM3_IRQHandler
                0x0000000008002a10                RCC_IRQHandler
                0x0000000008002a10                Default_Handler
                0x0000000008002a10                ADC_IRQHandler
                0x0000000008002a10                DMA1_Stream7_IRQHandler
                0x0000000008002a10                SPI5_IRQHandler
                0x0000000008002a10                TIM5_IRQHandler
                0x0000000008002a10                DMA2_Stream7_IRQHandler
                0x0000000008002a10                I2C3_EV_IRQHandler
                0x0000000008002a10                EXTI9_5_IRQHandler
                0x0000000008002a10                RTC_WKUP_IRQHandler
                0x0000000008002a10                SPI2_IRQHandler
                0x0000000008002a10                DMA1_Stream0_IRQHandler
                0x0000000008002a10                EXTI4_IRQHandler
                0x0000000008002a10                WWDG_IRQHandler
                0x0000000008002a10                TIM2_IRQHandler
                0x0000000008002a10                OTG_FS_WKUP_IRQHandler
                0x0000000008002a10                TIM1_TRG_COM_TIM11_IRQHandler
                0x0000000008002a10                EXTI1_IRQHandler
                0x0000000008002a10                USART2_IRQHandler
                0x0000000008002a10                I2C2_ER_IRQHandler
                0x0000000008002a10                DMA2_Stream1_IRQHandler
                0x0000000008002a10                FLASH_IRQHandler
                0x0000000008002a10                DMA2_Stream4_IRQHandler
                0x0000000008002a10                USART1_IRQHandler
                0x0000000008002a10                OTG_FS_IRQHandler
                0x0000000008002a10                SPI3_IRQHandler
                0x0000000008002a10                DMA1_Stream4_IRQHandler
                0x0000000008002a10                I2C1_ER_IRQHandler
                0x0000000008002a10                DMA2_Stream6_IRQHandler
                0x0000000008002a10                DMA1_Stream3_IRQHandler
 *fill*         0x0000000008002a12        0x2 
 .text.HAL_Init
                0x0000000008002a14       0x44 ./Drivers/STM32F4xx_HAL_Driver/Src/stm32f4xx_hal.o
                0x0000000008002a14                HAL_Init
 .text.HAL_IncTick
                0x0000000008002a58       0x28 ./Drivers/STM32F4xx_HAL_Driver/Src/stm32f4xx_hal.o
                0x0000000008002a58                HAL_IncTick
 .text.HAL_GetTick
                0x0000000008002a80       0x18 ./Drivers/STM32F4xx_HAL_Driver/Src/stm32f4xx_hal.o
                0x0000000008002a80                HAL_GetTick
 .text.HAL_Delay
                0x0000000008002a98       0x48 ./Drivers/STM32F4xx_HAL_Driver/Src/stm32f4xx_hal.o
                0x0000000008002a98                HAL_Delay
 .text.HAL_ADC_Init
                0x0000000008002ae0       0x86 ./Drivers/STM32F4xx_HAL_Driver/Src/stm32f4xx_hal_adc.o
                0x0000000008002ae0                HAL_ADC_Init
 *fill*         0x0000000008002b66        0x2 
 .text.HAL_ADC_Start_DMA
                0x0000000008002b68      0x1e0 ./Drivers/STM32F4xx_HAL_Driver/Src/stm32f4xx_hal_adc.o
                0x0000000008002b68                HAL_ADC_Start_DMA
 .text.HAL_ADC_ErrorCallback
                0x0000000008002d48       0x14 ./Drivers/STM32F4xx_HAL_Driver/Src/stm32f4xx_hal_adc.o
                0x0000000008002d48                HAL_ADC_ErrorCallback
 .text.HAL_ADC_ConfigChannel
                0x0000000008002d5c      0x264 ./Drivers/STM32F4xx_HAL_Driver/Src/stm32f4xx_hal_adc.o
                0x0000000008002d5c                HAL_ADC_ConfigChannel
 .text.ADC_Init
                0x0000000008002fc0      0x1f8 ./Drivers/STM32F4xx_HAL_Driver/Src/stm32f4xx_hal_adc.o
 .text.ADC_DMAConvCplt
                0x00000000080031b8       0xba ./Drivers/STM32F4xx_HAL_Driver/Src/stm32f4xx_hal_adc.o
 .text.ADC_DMAHalfConvCplt
                0x0000000008003272       0x1c ./Drivers/STM32F4xx_HAL_Driver/Src/stm32f4xx_hal_adc.o
 .text.ADC_DMAError
                0x000000000800328e       0x2e ./Drivers/STM32F4xx_HAL_Driver/Src/stm32f4xx_hal_adc.o
 .text.__NVIC_SetPriorityGrouping
                0x00000000080032bc       0x48 ./Drivers/STM32F4xx_HAL_Driver/Src/stm32f4xx_hal_cortex.o
 .text.__NVIC_GetPriorityGrouping
                0x0000000008003304       0x1c ./Drivers/STM32F4xx_HAL_Driver/Src/stm32f4xx_hal_cortex.o
 .text.__NVIC_EnableIRQ
                0x0000000008003320       0x3c ./Drivers/STM32F4xx_HAL_Driver/Src/stm32f4xx_hal_cortex.o
 .text.__NVIC_SetPriority
                0x000000000800335c       0x54 ./Drivers/STM32F4xx_HAL_Driver/Src/stm32f4xx_hal_cortex.o
 .text.NVIC_EncodePriority
                0x00000000080033b0       0x66 ./Drivers/STM32F4xx_HAL_Driver/Src/stm32f4xx_hal_cortex.o
 .text.HAL_NVIC_SetPriorityGrouping
                0x0000000008003416       0x16 ./Drivers/STM32F4xx_HAL_Driver/Src/stm32f4xx_hal_cortex.o
                0x0000000008003416                HAL_NVIC_SetPriorityGrouping
 .text.HAL_NVIC_SetPriority
                0x000000000800342c       0x38 ./Drivers/STM32F4xx_HAL_Driver/Src/stm32f4xx_hal_cortex.o
                0x000000000800342c                HAL_NVIC_SetPriority
 .text.HAL_NVIC_EnableIRQ
                0x0000000008003464       0x1c ./Drivers/STM32F4xx_HAL_Driver/Src/stm32f4xx_hal_cortex.o
                0x0000000008003464                HAL_NVIC_EnableIRQ
 .text.HAL_DMA_Init
                0x0000000008003480      0x15c ./Drivers/STM32F4xx_HAL_Driver/Src/stm32f4xx_hal_dma.o
                0x0000000008003480                HAL_DMA_Init
 .text.HAL_DMA_Start_IT
                0x00000000080035dc       0xb0 ./Drivers/STM32F4xx_HAL_Driver/Src/stm32f4xx_hal_dma.o
                0x00000000080035dc                HAL_DMA_Start_IT
 .text.HAL_DMA_IRQHandler
                0x000000000800368c      0x314 ./Drivers/STM32F4xx_HAL_Driver/Src/stm32f4xx_hal_dma.o
                0x000000000800368c                HAL_DMA_IRQHandler
 .text.DMA_SetConfig
                0x00000000080039a0       0x5c ./Drivers/STM32F4xx_HAL_Driver/Src/stm32f4xx_hal_dma.o
 .text.DMA_CalcBaseAndBitshift
                0x00000000080039fc       0x6c ./Drivers/STM32F4xx_HAL_Driver/Src/stm32f4xx_hal_dma.o
 .text.DMA_CheckFifoParam
                0x0000000008003a68       0xf8 ./Drivers/STM32F4xx_HAL_Driver/Src/stm32f4xx_hal_dma.o
 .text.HAL_GPIO_Init
                0x0000000008003b60      0x308 ./Drivers/STM32F4xx_HAL_Driver/Src/stm32f4xx_hal_gpio.o
                0x0000000008003b60                HAL_GPIO_Init
 .text.HAL_GPIO_ReadPin
                0x0000000008003e68       0x30 ./Drivers/STM32F4xx_HAL_Driver/Src/stm32f4xx_hal_gpio.o
                0x0000000008003e68                HAL_GPIO_ReadPin
 .text.HAL_GPIO_WritePin
                0x0000000008003e98       0x32 ./Drivers/STM32F4xx_HAL_Driver/Src/stm32f4xx_hal_gpio.o
                0x0000000008003e98                HAL_GPIO_WritePin
 *fill*         0x0000000008003eca        0x2 
 .text.HAL_GPIO_EXTI_IRQHandler
                0x0000000008003ecc       0x30 ./Drivers/STM32F4xx_HAL_Driver/Src/stm32f4xx_hal_gpio.o
                0x0000000008003ecc                HAL_GPIO_EXTI_IRQHandler
 .text.HAL_I2C_Init
                0x0000000008003efc      0x288 ./Drivers/STM32F4xx_HAL_Driver/Src/stm32f4xx_hal_i2c.o
                0x0000000008003efc                HAL_I2C_Init
 .text.HAL_I2C_Master_Transmit
                0x0000000008004184      0x1fc ./Drivers/STM32F4xx_HAL_Driver/Src/stm32f4xx_hal_i2c.o
                0x0000000008004184                HAL_I2C_Master_Transmit
 .text.I2C_MasterRequestWrite
                0x0000000008004380      0x104 ./Drivers/STM32F4xx_HAL_Driver/Src/stm32f4xx_hal_i2c.o
 .text.I2C_WaitOnFlagUntilTimeout
                0x0000000008004484       0xae ./Drivers/STM32F4xx_HAL_Driver/Src/stm32f4xx_hal_i2c.o
 .text.I2C_WaitOnMasterAddressFlagUntilTimeout
                0x0000000008004532       0xfe ./Drivers/STM32F4xx_HAL_Driver/Src/stm32f4xx_hal_i2c.o
 .text.I2C_WaitOnTXEFlagUntilTimeout
                0x0000000008004630       0x82 ./Drivers/STM32F4xx_HAL_Driver/Src/stm32f4xx_hal_i2c.o
 .text.I2C_WaitOnBTFFlagUntilTimeout
                0x00000000080046b2       0x82 ./Drivers/STM32F4xx_HAL_Driver/Src/stm32f4xx_hal_i2c.o
 .text.I2C_IsAcknowledgeFailed
                0x0000000008004734       0x5e ./Drivers/STM32F4xx_HAL_Driver/Src/stm32f4xx_hal_i2c.o
 *fill*         0x0000000008004792        0x2 
 .text.HAL_RCC_OscConfig
                0x0000000008004794      0x4f0 ./Drivers/STM32F4xx_HAL_Driver/Src/stm32f4xx_hal_rcc.o
                0x0000000008004794                HAL_RCC_OscConfig
 .text.HAL_RCC_ClockConfig
                0x0000000008004c84      0x1cc ./Drivers/STM32F4xx_HAL_Driver/Src/stm32f4xx_hal_rcc.o
                0x0000000008004c84                HAL_RCC_ClockConfig
 .text.HAL_RCC_GetSysClockFreq
                0x0000000008004e50      0x20c ./Drivers/STM32F4xx_HAL_Driver/Src/stm32f4xx_hal_rcc.o
                0x0000000008004e50                HAL_RCC_GetSysClockFreq
 .text.HAL_RCC_GetHCLKFreq
                0x000000000800505c       0x18 ./Drivers/STM32F4xx_HAL_Driver/Src/stm32f4xx_hal_rcc.o
                0x000000000800505c                HAL_RCC_GetHCLKFreq
 .text.HAL_RCC_GetPCLK1Freq
                0x0000000008005074       0x28 ./Drivers/STM32F4xx_HAL_Driver/Src/stm32f4xx_hal_rcc.o
                0x0000000008005074                HAL_RCC_GetPCLK1Freq
 .text.HAL_RCC_GetPCLK2Freq
                0x000000000800509c       0x28 ./Drivers/STM32F4xx_HAL_Driver/Src/stm32f4xx_hal_rcc.o
                0x000000000800509c                HAL_RCC_GetPCLK2Freq
 .text.HAL_RCC_GetClockConfig
                0x00000000080050c4       0x64 ./Drivers/STM32F4xx_HAL_Driver/Src/stm32f4xx_hal_rcc.o
                0x00000000080050c4                HAL_RCC_GetClockConfig
 .text.HAL_SPI_Init
                0x0000000008005128      0x112 ./Drivers/STM32F4xx_HAL_Driver/Src/stm32f4xx_hal_spi.o
                0x0000000008005128                HAL_SPI_Init
 .text.HAL_SPI_Transmit
                0x000000000800523a      0x278 ./Drivers/STM32F4xx_HAL_Driver/Src/stm32f4xx_hal_spi.o
                0x000000000800523a                HAL_SPI_Transmit
 .text.HAL_SPI_TransmitReceive
                0x00000000080054b2      0x344 ./Drivers/STM32F4xx_HAL_Driver/Src/stm32f4xx_hal_spi.o
                0x00000000080054b2                HAL_SPI_TransmitReceive
 .text.HAL_SPI_GetState
                0x00000000080057f6       0x1c ./Drivers/STM32F4xx_HAL_Driver/Src/stm32f4xx_hal_spi.o
                0x00000000080057f6                HAL_SPI_GetState
 *fill*         0x0000000008005812        0x2 
 .text.SPI_WaitFlagStateUntilTimeout
                0x0000000008005814      0x110 ./Drivers/STM32F4xx_HAL_Driver/Src/stm32f4xx_hal_spi.o
 .text.SPI_EndRxTxTransaction
                0x0000000008005924       0x84 ./Drivers/STM32F4xx_HAL_Driver/Src/stm32f4xx_hal_spi.o
 .text.HAL_TIM_Base_Init
                0x00000000080059a8       0x9e ./Drivers/STM32F4xx_HAL_Driver/Src/stm32f4xx_hal_tim.o
                0x00000000080059a8                HAL_TIM_Base_Init
 *fill*         0x0000000008005a46        0x2 
 .text.HAL_TIM_Base_Start
                0x0000000008005a48       0xb4 ./Drivers/STM32F4xx_HAL_Driver/Src/stm32f4xx_hal_tim.o
                0x0000000008005a48                HAL_TIM_Base_Start
 .text.HAL_TIM_Base_Start_IT
                0x0000000008005afc       0xc4 ./Drivers/STM32F4xx_HAL_Driver/Src/stm32f4xx_hal_tim.o
                0x0000000008005afc                HAL_TIM_Base_Start_IT
 .text.HAL_TIM_IRQHandler
                0x0000000008005bc0      0x210 ./Drivers/STM32F4xx_HAL_Driver/Src/stm32f4xx_hal_tim.o
                0x0000000008005bc0                HAL_TIM_IRQHandler
 .text.HAL_TIM_ConfigClockSource
                0x0000000008005dd0      0x18e ./Drivers/STM32F4xx_HAL_Driver/Src/stm32f4xx_hal_tim.o
                0x0000000008005dd0                HAL_TIM_ConfigClockSource
 .text.HAL_TIM_OC_DelayElapsedCallback
                0x0000000008005f5e       0x14 ./Drivers/STM32F4xx_HAL_Driver/Src/stm32f4xx_hal_tim.o
                0x0000000008005f5e                HAL_TIM_OC_DelayElapsedCallback
 .text.HAL_TIM_IC_CaptureCallback
                0x0000000008005f72       0x14 ./Drivers/STM32F4xx_HAL_Driver/Src/stm32f4xx_hal_tim.o
                0x0000000008005f72                HAL_TIM_IC_CaptureCallback
 .text.HAL_TIM_PWM_PulseFinishedCallback
                0x0000000008005f86       0x14 ./Drivers/STM32F4xx_HAL_Driver/Src/stm32f4xx_hal_tim.o
                0x0000000008005f86                HAL_TIM_PWM_PulseFinishedCallback
 .text.HAL_TIM_TriggerCallback
                0x0000000008005f9a       0x14 ./Drivers/STM32F4xx_HAL_Driver/Src/stm32f4xx_hal_tim.o
                0x0000000008005f9a                HAL_TIM_TriggerCallback
 *fill*         0x0000000008005fae        0x2 
 .text.TIM_Base_SetConfig
                0x0000000008005fb0      0x100 ./Drivers/STM32F4xx_HAL_Driver/Src/stm32f4xx_hal_tim.o
                0x0000000008005fb0                TIM_Base_SetConfig
 .text.TIM_TI1_ConfigInputStage
                0x00000000080060b0       0x5e ./Drivers/STM32F4xx_HAL_Driver/Src/stm32f4xx_hal_tim.o
 .text.TIM_TI2_ConfigInputStage
                0x000000000800610e       0x60 ./Drivers/STM32F4xx_HAL_Driver/Src/stm32f4xx_hal_tim.o
 .text.TIM_ITRx_SetConfig
                0x000000000800616e       0x36 ./Drivers/STM32F4xx_HAL_Driver/Src/stm32f4xx_hal_tim.o
 .text.TIM_ETR_SetConfig
                0x00000000080061a4       0x40 ./Drivers/STM32F4xx_HAL_Driver/Src/stm32f4xx_hal_tim.o
                0x00000000080061a4                TIM_ETR_SetConfig
 .text.HAL_TIMEx_MasterConfigSynchronization
                0x00000000080061e4       0xdc ./Drivers/STM32F4xx_HAL_Driver/Src/stm32f4xx_hal_tim_ex.o
                0x00000000080061e4                HAL_TIMEx_MasterConfigSynchronization
 .text.HAL_TIMEx_CommutCallback
                0x00000000080062c0       0x14 ./Drivers/STM32F4xx_HAL_Driver/Src/stm32f4xx_hal_tim_ex.o
                0x00000000080062c0                HAL_TIMEx_CommutCallback
 .text.HAL_TIMEx_BreakCallback
                0x00000000080062d4       0x14 ./Drivers/STM32F4xx_HAL_Driver/Src/stm32f4xx_hal_tim_ex.o
                0x00000000080062d4                HAL_TIMEx_BreakCallback
 .text.HAL_UART_Init
                0x00000000080062e8       0x9a ./Drivers/STM32F4xx_HAL_Driver/Src/stm32f4xx_hal_uart.o
                0x00000000080062e8                HAL_UART_Init
 .text.HAL_UART_Transmit
                0x0000000008006382      0x124 ./Drivers/STM32F4xx_HAL_Driver/Src/stm32f4xx_hal_uart.o
                0x0000000008006382                HAL_UART_Transmit
 .text.UART_WaitOnFlagUntilTimeout
                0x00000000080064a6       0xdc ./Drivers/STM32F4xx_HAL_Driver/Src/stm32f4xx_hal_uart.o
 *fill*         0x0000000008006582        0x2 
 .text.UART_SetConfig
                0x0000000008006584      0x4e8 ./Drivers/STM32F4xx_HAL_Driver/Src/stm32f4xx_hal_uart.o
 .text.MX_FATFS_Init
                0x0000000008006a6c       0x24 ./FATFS/App/fatfs.o
                0x0000000008006a6c                MX_FATFS_Init
 .text.get_fattime
                0x0000000008006a90       0x10 ./FATFS/App/fatfs.o
                0x0000000008006a90                get_fattime
 .text.USER_initialize
                0x0000000008006aa0       0x2c ./FATFS/Target/user_diskio.o
                0x0000000008006aa0                USER_initialize
 .text.USER_status
                0x0000000008006acc       0x1c ./FATFS/Target/user_diskio.o
                0x0000000008006acc                USER_status
 .text.USER_read
                0x0000000008006ae8       0x26 ./FATFS/Target/user_diskio.o
                0x0000000008006ae8                USER_read
 .text.USER_write
                0x0000000008006b0e       0x26 ./FATFS/Target/user_diskio.o
                0x0000000008006b0e                USER_write
 .text.USER_ioctl
                0x0000000008006b34       0x26 ./FATFS/Target/user_diskio.o
                0x0000000008006b34                USER_ioctl
 *fill*         0x0000000008006b5a        0x2 
 .text.disk_status
                0x0000000008006b5c       0x34 ./Middlewares/Third_Party/FatFs/src/diskio.o
                0x0000000008006b5c                disk_status
 .text.disk_initialize
                0x0000000008006b90       0x4c ./Middlewares/Third_Party/FatFs/src/diskio.o
                0x0000000008006b90                disk_initialize
 .text.disk_read
                0x0000000008006bdc       0x40 ./Middlewares/Third_Party/FatFs/src/diskio.o
                0x0000000008006bdc                disk_read
 .text.disk_write
                0x0000000008006c1c       0x40 ./Middlewares/Third_Party/FatFs/src/diskio.o
                0x0000000008006c1c                disk_write
 .text.disk_ioctl
                0x0000000008006c5c       0x3c ./Middlewares/Third_Party/FatFs/src/diskio.o
                0x0000000008006c5c                disk_ioctl
 .text.ld_word  0x0000000008006c98       0x30 ./Middlewares/Third_Party/FatFs/src/ff.o
 .text.ld_dword
                0x0000000008006cc8       0x46 ./Middlewares/Third_Party/FatFs/src/ff.o
 .text.st_word  0x0000000008006d0e       0x36 ./Middlewares/Third_Party/FatFs/src/ff.o
 .text.st_dword
                0x0000000008006d44       0x58 ./Middlewares/Third_Party/FatFs/src/ff.o
 .text.mem_cpy  0x0000000008006d9c       0x42 ./Middlewares/Third_Party/FatFs/src/ff.o
 .text.mem_set  0x0000000008006dde       0x36 ./Middlewares/Third_Party/FatFs/src/ff.o
 .text.mem_cmp  0x0000000008006e14       0x4e ./Middlewares/Third_Party/FatFs/src/ff.o
 .text.chk_chr  0x0000000008006e62       0x36 ./Middlewares/Third_Party/FatFs/src/ff.o
 .text.lock_fs  0x0000000008006e98       0x2c ./Middlewares/Third_Party/FatFs/src/ff.o
 .text.unlock_fs
                0x0000000008006ec4       0x36 ./Middlewares/Third_Party/FatFs/src/ff.o
 *fill*         0x0000000008006efa        0x2 
 .text.chk_lock
                0x0000000008006efc       0xb8 ./Middlewares/Third_Party/FatFs/src/ff.o
 .text.enq_lock
                0x0000000008006fb4       0x44 ./Middlewares/Third_Party/FatFs/src/ff.o
 .text.inc_lock
                0x0000000008006ff8      0x11c ./Middlewares/Third_Party/FatFs/src/ff.o
 .text.dec_lock
                0x0000000008007114       0x78 ./Middlewares/Third_Party/FatFs/src/ff.o
 .text.clear_lock
                0x000000000800718c       0x48 ./Middlewares/Third_Party/FatFs/src/ff.o
 .text.sync_window
                0x00000000080071d4       0x88 ./Middlewares/Third_Party/FatFs/src/ff.o
 .text.move_window
                0x000000000800725c       0x5a ./Middlewares/Third_Party/FatFs/src/ff.o
 *fill*         0x00000000080072b6        0x2 
 .text.sync_fs  0x00000000080072b8       0xe0 ./Middlewares/Third_Party/FatFs/src/ff.o
 .text.clust2sect
                0x0000000008007398       0x3e ./Middlewares/Third_Party/FatFs/src/ff.o
 .text.get_fat  0x00000000080073d6      0x1a8 ./Middlewares/Third_Party/FatFs/src/ff.o
 .text.put_fat  0x000000000800757e      0x238 ./Middlewares/Third_Party/FatFs/src/ff.o
 .text.remove_chain
                0x00000000080077b6       0xca ./Middlewares/Third_Party/FatFs/src/ff.o
 .text.create_chain
                0x0000000008007880      0x130 ./Middlewares/Third_Party/FatFs/src/ff.o
 .text.clmt_clust
                0x00000000080079b0       0x70 ./Middlewares/Third_Party/FatFs/src/ff.o
 .text.dir_sdi  0x0000000008007a20      0x112 ./Middlewares/Third_Party/FatFs/src/ff.o
 .text.dir_next
                0x0000000008007b32      0x1ac ./Middlewares/Third_Party/FatFs/src/ff.o
 .text.dir_alloc
                0x0000000008007cde       0x8e ./Middlewares/Third_Party/FatFs/src/ff.o
 .text.ld_clust
                0x0000000008007d6c       0x3e ./Middlewares/Third_Party/FatFs/src/ff.o
 .text.st_clust
                0x0000000008007daa       0x40 ./Middlewares/Third_Party/FatFs/src/ff.o
 *fill*         0x0000000008007dea        0x2 
 .text.cmp_lfn  0x0000000008007dec       0xe0 ./Middlewares/Third_Party/FatFs/src/ff.o
 .text.put_lfn  0x0000000008007ecc       0xd0 ./Middlewares/Third_Party/FatFs/src/ff.o
 .text.gen_numname
                0x0000000008007f9c      0x11c ./Middlewares/Third_Party/FatFs/src/ff.o
 .text.sum_sfn  0x00000000080080b8       0x42 ./Middlewares/Third_Party/FatFs/src/ff.o
 .text.dir_find
                0x00000000080080fa      0x180 ./Middlewares/Third_Party/FatFs/src/ff.o
 *fill*         0x000000000800827a        0x2 
 .text.dir_register
                0x000000000800827c      0x1f0 ./Middlewares/Third_Party/FatFs/src/ff.o
 .text.create_name
                0x000000000800846c      0x370 ./Middlewares/Third_Party/FatFs/src/ff.o
 .text.follow_path
                0x00000000080087dc       0xec ./Middlewares/Third_Party/FatFs/src/ff.o
 .text.get_ldnumber
                0x00000000080088c8       0x88 ./Middlewares/Third_Party/FatFs/src/ff.o
 .text.check_fs
                0x0000000008008950       0xac ./Middlewares/Third_Party/FatFs/src/ff.o
 .text.find_volume
                0x00000000080089fc      0x510 ./Middlewares/Third_Party/FatFs/src/ff.o
 .text.validate
                0x0000000008008f0c       0x8e ./Middlewares/Third_Party/FatFs/src/ff.o
 *fill*         0x0000000008008f9a        0x2 
 .text.f_mount  0x0000000008008f9c       0xc8 ./Middlewares/Third_Party/FatFs/src/ff.o
                0x0000000008008f9c                f_mount
 .text.f_open   0x0000000008009064      0x3d0 ./Middlewares/Third_Party/FatFs/src/ff.o
                0x0000000008009064                f_open
 .text.f_write  0x0000000008009434      0x386 ./Middlewares/Third_Party/FatFs/src/ff.o
                0x0000000008009434                f_write
 .text.f_sync   0x00000000080097ba      0x112 ./Middlewares/Third_Party/FatFs/src/ff.o
                0x00000000080097ba                f_sync
 .text.f_close  0x00000000080098cc       0x5e ./Middlewares/Third_Party/FatFs/src/ff.o
                0x00000000080098cc                f_close
 .text.f_getfree
                0x000000000800992a      0x178 ./Middlewares/Third_Party/FatFs/src/ff.o
                0x000000000800992a                f_getfree
 *fill*         0x0000000008009aa2        0x2 
 .text.FATFS_LinkDriverEx
                0x0000000008009aa4       0x98 ./Middlewares/Third_Party/FatFs/src/ff_gen_drv.o
                0x0000000008009aa4                FATFS_LinkDriverEx
 .text.FATFS_LinkDriver
                0x0000000008009b3c       0x1e ./Middlewares/Third_Party/FatFs/src/ff_gen_drv.o
                0x0000000008009b3c                FATFS_LinkDriver
 *fill*         0x0000000008009b5a        0x2 
 .text.ff_convert
                0x0000000008009b5c       0x78 ./Middlewares/Third_Party/FatFs/src/option/ccsbcs.o
                0x0000000008009b5c                ff_convert
 .text.ff_wtoupper
                0x0000000008009bd4      0x114 ./Middlewares/Third_Party/FatFs/src/option/ccsbcs.o
                0x0000000008009bd4                ff_wtoupper
 .text.ff_cre_syncobj
                0x0000000008009ce8       0x36 ./Middlewares/Third_Party/FatFs/src/option/syscall.o
                0x0000000008009ce8                ff_cre_syncobj
 .text.ff_del_syncobj
                0x0000000008009d1e       0x18 ./Middlewares/Third_Party/FatFs/src/option/syscall.o
                0x0000000008009d1e                ff_del_syncobj
 .text.ff_req_grant
                0x0000000008009d36       0x2a ./Middlewares/Third_Party/FatFs/src/option/syscall.o
                0x0000000008009d36                ff_req_grant
 .text.ff_rel_grant
                0x0000000008009d60       0x16 ./Middlewares/Third_Party/FatFs/src/option/syscall.o
                0x0000000008009d60                ff_rel_grant
 .text.ff_memalloc
                0x0000000008009d76       0x18 ./Middlewares/Third_Party/FatFs/src/option/syscall.o
                0x0000000008009d76                ff_memalloc
 .text.ff_memfree
                0x0000000008009d8e       0x16 ./Middlewares/Third_Party/FatFs/src/option/syscall.o
                0x0000000008009d8e                ff_memfree
 .text.__NVIC_SetPriority
                0x0000000008009da4       0x54 ./Middlewares/Third_Party/FreeRTOS/Source/CMSIS_RTOS_V2/cmsis_os2.o
 .text.SysTick_Handler
                0x0000000008009df8       0x20 ./Middlewares/Third_Party/FreeRTOS/Source/CMSIS_RTOS_V2/cmsis_os2.o
                0x0000000008009df8                SysTick_Handler
 .text.SVC_Setup
                0x0000000008009e18       0x12 ./Middlewares/Third_Party/FreeRTOS/Source/CMSIS_RTOS_V2/cmsis_os2.o
 *fill*         0x0000000008009e2a        0x2 
 .text.osKernelInitialize
                0x0000000008009e2c       0x48 ./Middlewares/Third_Party/FreeRTOS/Source/CMSIS_RTOS_V2/cmsis_os2.o
                0x0000000008009e2c                osKernelInitialize
 .text.osKernelStart
                0x0000000008009e74       0x4c ./Middlewares/Third_Party/FreeRTOS/Source/CMSIS_RTOS_V2/cmsis_os2.o
                0x0000000008009e74                osKernelStart
 .text.osThreadNew
                0x0000000008009ec0      0x124 ./Middlewares/Third_Party/FreeRTOS/Source/CMSIS_RTOS_V2/cmsis_os2.o
                0x0000000008009ec0                osThreadNew
 .text.osDelay  0x0000000008009fe4       0x36 ./Middlewares/Third_Party/FreeRTOS/Source/CMSIS_RTOS_V2/cmsis_os2.o
                0x0000000008009fe4                osDelay
 .text.osSemaphoreNew
                0x000000000800a01a      0x112 ./Middlewares/Third_Party/FreeRTOS/Source/CMSIS_RTOS_V2/cmsis_os2.o
                0x000000000800a01a                osSemaphoreNew
 .text.osSemaphoreAcquire
                0x000000000800a12c       0xa4 ./Middlewares/Third_Party/FreeRTOS/Source/CMSIS_RTOS_V2/cmsis_os2.o
                0x000000000800a12c                osSemaphoreAcquire
 .text.osSemaphoreRelease
                0x000000000800a1d0       0x88 ./Middlewares/Third_Party/FreeRTOS/Source/CMSIS_RTOS_V2/cmsis_os2.o
                0x000000000800a1d0                osSemaphoreRelease
 .text.osSemaphoreDelete
                0x000000000800a258       0x48 ./Middlewares/Third_Party/FreeRTOS/Source/CMSIS_RTOS_V2/cmsis_os2.o
                0x000000000800a258                osSemaphoreDelete
 .text.vApplicationGetIdleTaskMemory
                0x000000000800a2a0       0x34 ./Middlewares/Third_Party/FreeRTOS/Source/CMSIS_RTOS_V2/cmsis_os2.o
                0x000000000800a2a0                vApplicationGetIdleTaskMemory
 .text.vApplicationGetTimerTaskMemory
                0x000000000800a2d4       0x34 ./Middlewares/Third_Party/FreeRTOS/Source/CMSIS_RTOS_V2/cmsis_os2.o
                0x000000000800a2d4                vApplicationGetTimerTaskMemory
 .text.vListInitialise
                0x000000000800a308       0x40 ./Middlewares/Third_Party/FreeRTOS/Source/list.o
                0x000000000800a308                vListInitialise
 .text.vListInitialiseItem
                0x000000000800a348       0x1a ./Middlewares/Third_Party/FreeRTOS/Source/list.o
                0x000000000800a348                vListInitialiseItem
 .text.vListInsertEnd
                0x000000000800a362       0x48 ./Middlewares/Third_Party/FreeRTOS/Source/list.o
                0x000000000800a362                vListInsertEnd
 .text.vListInsert
                0x000000000800a3aa       0x72 ./Middlewares/Third_Party/FreeRTOS/Source/list.o
                0x000000000800a3aa                vListInsert
 .text.uxListRemove
                0x000000000800a41c       0x54 ./Middlewares/Third_Party/FreeRTOS/Source/list.o
                0x000000000800a41c                uxListRemove
 .text.xQueueGenericReset
                0x000000000800a470       0xd0 ./Middlewares/Third_Party/FreeRTOS/Source/queue.o
                0x000000000800a470                xQueueGenericReset
 .text.xQueueGenericCreateStatic
                0x000000000800a540       0xf0 ./Middlewares/Third_Party/FreeRTOS/Source/queue.o
                0x000000000800a540                xQueueGenericCreateStatic
 .text.xQueueGenericCreate
                0x000000000800a630       0x74 ./Middlewares/Third_Party/FreeRTOS/Source/queue.o
                0x000000000800a630                xQueueGenericCreate
 .text.prvInitialiseNewQueue
                0x000000000800a6a4       0x46 ./Middlewares/Third_Party/FreeRTOS/Source/queue.o
 .text.xQueueCreateCountingSemaphoreStatic
                0x000000000800a6ea       0x6e ./Middlewares/Third_Party/FreeRTOS/Source/queue.o
                0x000000000800a6ea                xQueueCreateCountingSemaphoreStatic
 .text.xQueueCreateCountingSemaphore
                0x000000000800a758       0x66 ./Middlewares/Third_Party/FreeRTOS/Source/queue.o
                0x000000000800a758                xQueueCreateCountingSemaphore
 *fill*         0x000000000800a7be        0x2 
 .text.xQueueGenericSend
                0x000000000800a7c0      0x1fc ./Middlewares/Third_Party/FreeRTOS/Source/queue.o
                0x000000000800a7c0                xQueueGenericSend
 .text.xQueueGenericSendFromISR
                0x000000000800a9bc      0x136 ./Middlewares/Third_Party/FreeRTOS/Source/queue.o
                0x000000000800a9bc                xQueueGenericSendFromISR
 .text.xQueueGiveFromISR
                0x000000000800aaf2      0x11a ./Middlewares/Third_Party/FreeRTOS/Source/queue.o
                0x000000000800aaf2                xQueueGiveFromISR
 .text.xQueueReceive
                0x000000000800ac0c      0x1c0 ./Middlewares/Third_Party/FreeRTOS/Source/queue.o
                0x000000000800ac0c                xQueueReceive
 .text.xQueueSemaphoreTake
                0x000000000800adcc      0x218 ./Middlewares/Third_Party/FreeRTOS/Source/queue.o
                0x000000000800adcc                xQueueSemaphoreTake
 .text.xQueueReceiveFromISR
                0x000000000800afe4      0x100 ./Middlewares/Third_Party/FreeRTOS/Source/queue.o
                0x000000000800afe4                xQueueReceiveFromISR
 .text.vQueueDelete
                0x000000000800b0e4       0x46 ./Middlewares/Third_Party/FreeRTOS/Source/queue.o
                0x000000000800b0e4                vQueueDelete
 .text.prvGetDisinheritPriorityAfterTimeout
                0x000000000800b12a       0x30 ./Middlewares/Third_Party/FreeRTOS/Source/queue.o
 .text.prvCopyDataToQueue
                0x000000000800b15a       0xd4 ./Middlewares/Third_Party/FreeRTOS/Source/queue.o
 .text.prvCopyDataFromQueue
                0x000000000800b22e       0x4c ./Middlewares/Third_Party/FreeRTOS/Source/queue.o
 .text.prvUnlockQueue
                0x000000000800b27a       0xa4 ./Middlewares/Third_Party/FreeRTOS/Source/queue.o
 .text.prvIsQueueEmpty
                0x000000000800b31e       0x2c ./Middlewares/Third_Party/FreeRTOS/Source/queue.o
 .text.prvIsQueueFull
                0x000000000800b34a       0x30 ./Middlewares/Third_Party/FreeRTOS/Source/queue.o
 *fill*         0x000000000800b37a        0x2 
 .text.vQueueAddToRegistry
                0x000000000800b37c       0x54 ./Middlewares/Third_Party/FreeRTOS/Source/queue.o
                0x000000000800b37c                vQueueAddToRegistry
 .text.vQueueUnregisterQueue
                0x000000000800b3d0       0x54 ./Middlewares/Third_Party/FreeRTOS/Source/queue.o
                0x000000000800b3d0                vQueueUnregisterQueue
 .text.vQueueWaitForMessageRestricted
                0x000000000800b424       0x68 ./Middlewares/Third_Party/FreeRTOS/Source/queue.o
                0x000000000800b424                vQueueWaitForMessageRestricted
 .text.xTaskCreateStatic
                0x000000000800b48c       0xba ./Middlewares/Third_Party/FreeRTOS/Source/tasks.o
                0x000000000800b48c                xTaskCreateStatic
 .text.xTaskCreate
                0x000000000800b546       0x8a ./Middlewares/Third_Party/FreeRTOS/Source/tasks.o
                0x000000000800b546                xTaskCreate
 .text.prvInitialiseNewTask
                0x000000000800b5d0      0x14c ./Middlewares/Third_Party/FreeRTOS/Source/tasks.o
 .text.prvAddNewTaskToReadyList
                0x000000000800b71c       0xe0 ./Middlewares/Third_Party/FreeRTOS/Source/tasks.o
 .text.vTaskDelay
                0x000000000800b7fc       0x68 ./Middlewares/Third_Party/FreeRTOS/Source/tasks.o
                0x000000000800b7fc                vTaskDelay
 .text.vTaskStartScheduler
                0x000000000800b864       0xe0 ./Middlewares/Third_Party/FreeRTOS/Source/tasks.o
                0x000000000800b864                vTaskStartScheduler
 .text.vTaskSuspendAll
                0x000000000800b944       0x1c ./Middlewares/Third_Party/FreeRTOS/Source/tasks.o
                0x000000000800b944                vTaskSuspendAll
 .text.xTaskResumeAll
                0x000000000800b960      0x13c ./Middlewares/Third_Party/FreeRTOS/Source/tasks.o
                0x000000000800b960                xTaskResumeAll
 .text.xTaskGetTickCount
                0x000000000800ba9c       0x20 ./Middlewares/Third_Party/FreeRTOS/Source/tasks.o
                0x000000000800ba9c                xTaskGetTickCount
 .text.xTaskIncrementTick
                0x000000000800babc      0x174 ./Middlewares/Third_Party/FreeRTOS/Source/tasks.o
                0x000000000800babc                xTaskIncrementTick
 .text.vTaskSwitchContext
                0x000000000800bc30       0xc8 ./Middlewares/Third_Party/FreeRTOS/Source/tasks.o
                0x000000000800bc30                vTaskSwitchContext
 .text.vTaskPlaceOnEventList
                0x000000000800bcf8       0x48 ./Middlewares/Third_Party/FreeRTOS/Source/tasks.o
                0x000000000800bcf8                vTaskPlaceOnEventList
 .text.vTaskPlaceOnEventListRestricted
                0x000000000800bd40       0x58 ./Middlewares/Third_Party/FreeRTOS/Source/tasks.o
                0x000000000800bd40                vTaskPlaceOnEventListRestricted
 .text.xTaskRemoveFromEventList
                0x000000000800bd98       0xc8 ./Middlewares/Third_Party/FreeRTOS/Source/tasks.o
                0x000000000800bd98                xTaskRemoveFromEventList
 .text.vTaskInternalSetTimeOutState
                0x000000000800be60       0x2c ./Middlewares/Third_Party/FreeRTOS/Source/tasks.o
                0x000000000800be60                vTaskInternalSetTimeOutState
 .text.xTaskCheckForTimeOut
                0x000000000800be8c       0xc4 ./Middlewares/Third_Party/FreeRTOS/Source/tasks.o
                0x000000000800be8c                xTaskCheckForTimeOut
 .text.vTaskMissedYield
                0x000000000800bf50       0x18 ./Middlewares/Third_Party/FreeRTOS/Source/tasks.o
                0x000000000800bf50                vTaskMissedYield
 .text.prvIdleTask
                0x000000000800bf68       0x30 ./Middlewares/Third_Party/FreeRTOS/Source/tasks.o
 .text.prvInitialiseTaskLists
                0x000000000800bf98       0x80 ./Middlewares/Third_Party/FreeRTOS/Source/tasks.o
 .text.prvCheckTasksWaitingTermination
                0x000000000800c018       0x5c ./Middlewares/Third_Party/FreeRTOS/Source/tasks.o
 .text.prvDeleteTCB
                0x000000000800c074       0x68 ./Middlewares/Third_Party/FreeRTOS/Source/tasks.o
 .text.prvResetNextTaskUnblockTime
                0x000000000800c0dc       0x40 ./Middlewares/Third_Party/FreeRTOS/Source/tasks.o
 .text.xTaskGetSchedulerState
                0x000000000800c11c       0x3c ./Middlewares/Third_Party/FreeRTOS/Source/tasks.o
                0x000000000800c11c                xTaskGetSchedulerState
 .text.xTaskPriorityInherit
                0x000000000800c158       0xd0 ./Middlewares/Third_Party/FreeRTOS/Source/tasks.o
                0x000000000800c158                xTaskPriorityInherit
 .text.xTaskPriorityDisinherit
                0x000000000800c228       0xdc ./Middlewares/Third_Party/FreeRTOS/Source/tasks.o
                0x000000000800c228                xTaskPriorityDisinherit
 .text.vTaskPriorityDisinheritAfterTimeout
                0x000000000800c304      0x104 ./Middlewares/Third_Party/FreeRTOS/Source/tasks.o
                0x000000000800c304                vTaskPriorityDisinheritAfterTimeout
 .text.pvTaskIncrementMutexHeldCount
                0x000000000800c408       0x28 ./Middlewares/Third_Party/FreeRTOS/Source/tasks.o
                0x000000000800c408                pvTaskIncrementMutexHeldCount
 .text.prvAddCurrentTaskToDelayedList
                0x000000000800c430       0xa8 ./Middlewares/Third_Party/FreeRTOS/Source/tasks.o
 .text.xTimerCreateTimerTask
                0x000000000800c4d8       0x90 ./Middlewares/Third_Party/FreeRTOS/Source/timers.o
                0x000000000800c4d8                xTimerCreateTimerTask
 .text.xTimerGenericCommand
                0x000000000800c568       0x9c ./Middlewares/Third_Party/FreeRTOS/Source/timers.o
                0x000000000800c568                xTimerGenericCommand
 .text.prvProcessExpiredTimer
                0x000000000800c604       0x98 ./Middlewares/Third_Party/FreeRTOS/Source/timers.o
 .text.prvTimerTask
                0x000000000800c69c       0x24 ./Middlewares/Third_Party/FreeRTOS/Source/timers.o
 .text.prvProcessTimerOrBlockTask
                0x000000000800c6c0       0x9c ./Middlewares/Third_Party/FreeRTOS/Source/timers.o
 .text.prvGetNextExpireTime
                0x000000000800c75c       0x48 ./Middlewares/Third_Party/FreeRTOS/Source/timers.o
 .text.prvSampleTimeNow
                0x000000000800c7a4       0x40 ./Middlewares/Third_Party/FreeRTOS/Source/timers.o
 .text.prvInsertTimerInActiveList
                0x000000000800c7e4       0x84 ./Middlewares/Third_Party/FreeRTOS/Source/timers.o
 .text.prvProcessReceivedCommands
                0x000000000800c868      0x1c4 ./Middlewares/Third_Party/FreeRTOS/Source/timers.o
 .text.prvSwitchTimerLists
                0x000000000800ca2c       0xc8 ./Middlewares/Third_Party/FreeRTOS/Source/timers.o
 .text.prvCheckForValidListAndQueue
                0x000000000800caf4       0x80 ./Middlewares/Third_Party/FreeRTOS/Source/timers.o
 .text.pxPortInitialiseStack
                0x000000000800cb74       0x68 ./Middlewares/Third_Party/FreeRTOS/Source/portable/GCC/ARM_CM4F/port.o
                0x000000000800cb74                pxPortInitialiseStack
 .text.prvTaskExitError
                0x000000000800cbdc       0x58 ./Middlewares/Third_Party/FreeRTOS/Source/portable/GCC/ARM_CM4F/port.o
 *fill*         0x000000000800cc34        0xc 
 .text.SVC_Handler
                0x000000000800cc40       0x28 ./Middlewares/Third_Party/FreeRTOS/Source/portable/GCC/ARM_CM4F/port.o
                0x000000000800cc40                SVC_Handler
 .text.prvPortStartFirstTask
                0x000000000800cc68       0x28 ./Middlewares/Third_Party/FreeRTOS/Source/portable/GCC/ARM_CM4F/port.o
 .text.xPortStartScheduler
                0x000000000800cc90      0x144 ./Middlewares/Third_Party/FreeRTOS/Source/portable/GCC/ARM_CM4F/port.o
                0x000000000800cc90                xPortStartScheduler
 .text.vPortEnterCritical
                0x000000000800cdd4       0x60 ./Middlewares/Third_Party/FreeRTOS/Source/portable/GCC/ARM_CM4F/port.o
                0x000000000800cdd4                vPortEnterCritical
 .text.vPortExitCritical
                0x000000000800ce34       0x54 ./Middlewares/Third_Party/FreeRTOS/Source/portable/GCC/ARM_CM4F/port.o
                0x000000000800ce34                vPortExitCritical
 *fill*         0x000000000800ce88        0x8 
 .text.PendSV_Handler
                0x000000000800ce90       0x68 ./Middlewares/Third_Party/FreeRTOS/Source/portable/GCC/ARM_CM4F/port.o
                0x000000000800ce90                PendSV_Handler
 .text.xPortSysTickHandler
                0x000000000800cef8       0x44 ./Middlewares/Third_Party/FreeRTOS/Source/portable/GCC/ARM_CM4F/port.o
                0x000000000800cef8                xPortSysTickHandler
 .text.vPortSetupTimerInterrupt
                0x000000000800cf3c       0x48 ./Middlewares/Third_Party/FreeRTOS/Source/portable/GCC/ARM_CM4F/port.o
                0x000000000800cf3c                vPortSetupTimerInterrupt
 .text.vPortEnableVFP
                0x000000000800cf84       0x14 ./Middlewares/Third_Party/FreeRTOS/Source/portable/GCC/ARM_CM4F/port.o
 .text.vPortValidateInterruptPriority
                0x000000000800cf98       0x80 ./Middlewares/Third_Party/FreeRTOS/Source/portable/GCC/ARM_CM4F/port.o
                0x000000000800cf98                vPortValidateInterruptPriority
 .text.pvPortMalloc
                0x000000000800d018      0x198 ./Middlewares/Third_Party/FreeRTOS/Source/portable/MemMang/heap_4.o
                0x000000000800d018                pvPortMalloc
 .text.vPortFree
                0x000000000800d1b0       0xc4 ./Middlewares/Third_Party/FreeRTOS/Source/portable/MemMang/heap_4.o
                0x000000000800d1b0                vPortFree
 .text.prvHeapInit
                0x000000000800d274       0xc4 ./Middlewares/Third_Party/FreeRTOS/Source/portable/MemMang/heap_4.o
 .text.prvInsertBlockIntoFreeList
                0x000000000800d338       0xb4 ./Middlewares/Third_Party/FreeRTOS/Source/portable/MemMang/heap_4.o
 .text.arm_float_to_q15
                0x000000000800d3ec      0x130 ../libs/libarm_cortexM4lf_math.a(arm_float_to_q15.o)
                0x000000000800d3ec                arm_float_to_q15
 .text.arm_max_q15
                0x000000000800d51c       0xcc ../libs/libarm_cortexM4lf_math.a(arm_max_q15.o)
                0x000000000800d51c                arm_max_q15
 .text.arm_split_rfft_q15
                0x000000000800d5e8       0xb4 ../libs/libarm_cortexM4lf_math.a(arm_rfft_q15.o)
                0x000000000800d5e8                arm_split_rfft_q15
 .text.arm_rfft_q15
                0x000000000800d69c       0xbc ../libs/libarm_cortexM4lf_math.a(arm_rfft_q15.o)
                0x000000000800d69c                arm_rfft_q15
 .text.arm_rfft_init_q15
                0x000000000800d758      0x110 ../libs/libarm_cortexM4lf_math.a(arm_rfft_init_q15.o)
                0x000000000800d758                arm_rfft_init_q15
 .text.arm_fir_q15
                0x000000000800d868      0x318 ../libs/libarm_cortexM4lf_math.a(arm_fir_q15.o)
                0x000000000800d868                arm_fir_q15
 .text.arm_fir_init_q15
                0x000000000800db80       0x2c ../libs/libarm_cortexM4lf_math.a(arm_fir_init_q15.o)
                0x000000000800db80                arm_fir_init_q15
 .text.arm_fir_fast_q15
                0x000000000800dbac      0x2d0 ../libs/libarm_cortexM4lf_math.a(arm_fir_fast_q15.o)
                0x000000000800dbac                arm_fir_fast_q15
 .text.arm_cmplx_mag_q15
                0x000000000800de7c       0xa4 ../libs/libarm_cortexM4lf_math.a(arm_cmplx_mag_q15.o)
                0x000000000800de7c                arm_cmplx_mag_q15
 .text.arm_sqrt_q15
                0x000000000800df20       0xf8 ../libs/libarm_cortexM4lf_math.a(arm_sqrt_q15.o)
                0x000000000800df20                arm_sqrt_q15
 .text.arm_offset_q15
                0x000000000800e018       0x5c ../libs/libarm_cortexM4lf_math.a(arm_offset_q15.o)
                0x000000000800e018                arm_offset_q15
 .text.arm_cfft_radix4by2_q15
                0x000000000800e074       0xc8 ../libs/libarm_cortexM4lf_math.a(arm_cfft_q15.o)
                0x000000000800e074                arm_cfft_radix4by2_q15
 .text.arm_cfft_radix4by2_inverse_q15
                0x000000000800e13c       0xc8 ../libs/libarm_cortexM4lf_math.a(arm_cfft_q15.o)
                0x000000000800e13c                arm_cfft_radix4by2_inverse_q15
 .text.arm_cfft_q15
                0x000000000800e204       0xbc ../libs/libarm_cortexM4lf_math.a(arm_cfft_q15.o)
                0x000000000800e204                arm_cfft_q15
 .text.arm_radix4_butterfly_q15
                0x000000000800e2c0      0x25c ../libs/libarm_cortexM4lf_math.a(arm_cfft_radix4_q15.o)
                0x000000000800e2c0                arm_radix4_butterfly_q15
 .text.arm_radix4_butterfly_inverse_q15
                0x000000000800e51c      0x25c ../libs/libarm_cortexM4lf_math.a(arm_cfft_radix4_q15.o)
                0x000000000800e51c                arm_radix4_butterfly_inverse_q15
 .text.__errno  0x000000000800e778        0xc /home/abhaas/st/stm32cubeide_1.9.0/plugins/com.st.stm32cube.ide.mcu.externaltools.gnu-tools-for-stm32.10.3-2021.10.linux64_1.0.0.202111181127/tools/bin/../lib/gcc/arm-none-eabi/10.3.1/../../../../arm-none-eabi/lib/thumb/v7e-m+fp/hard/libc_nano.a(lib_a-errno.o)
                0x000000000800e778                __errno
 .text.__libc_init_array
                0x000000000800e784       0x48 /home/abhaas/st/stm32cubeide_1.9.0/plugins/com.st.stm32cube.ide.mcu.externaltools.gnu-tools-for-stm32.10.3-2021.10.linux64_1.0.0.202111181127/tools/bin/../lib/gcc/arm-none-eabi/10.3.1/../../../../arm-none-eabi/lib/thumb/v7e-m+fp/hard/libc_nano.a(lib_a-init.o)
                0x000000000800e784                __libc_init_array
 .text.__retarget_lock_acquire_recursive
                0x000000000800e7cc        0x2 /home/abhaas/st/stm32cubeide_1.9.0/plugins/com.st.stm32cube.ide.mcu.externaltools.gnu-tools-for-stm32.10.3-2021.10.linux64_1.0.0.202111181127/tools/bin/../lib/gcc/arm-none-eabi/10.3.1/../../../../arm-none-eabi/lib/thumb/v7e-m+fp/hard/libc_nano.a(lib_a-lock.o)
                0x000000000800e7cc                __retarget_lock_acquire_recursive
 .text.__retarget_lock_release_recursive
                0x000000000800e7ce        0x2 /home/abhaas/st/stm32cubeide_1.9.0/plugins/com.st.stm32cube.ide.mcu.externaltools.gnu-tools-for-stm32.10.3-2021.10.linux64_1.0.0.202111181127/tools/bin/../lib/gcc/arm-none-eabi/10.3.1/../../../../arm-none-eabi/lib/thumb/v7e-m+fp/hard/libc_nano.a(lib_a-lock.o)
                0x000000000800e7ce                __retarget_lock_release_recursive
 .text.memcpy   0x000000000800e7d0       0x1c /home/abhaas/st/stm32cubeide_1.9.0/plugins/com.st.stm32cube.ide.mcu.externaltools.gnu-tools-for-stm32.10.3-2021.10.linux64_1.0.0.202111181127/tools/bin/../lib/gcc/arm-none-eabi/10.3.1/../../../../arm-none-eabi/lib/thumb/v7e-m+fp/hard/libc_nano.a(lib_a-memcpy-stub.o)
                0x000000000800e7d0                memcpy
 .text.memset   0x000000000800e7ec       0x10 /home/abhaas/st/stm32cubeide_1.9.0/plugins/com.st.stm32cube.ide.mcu.externaltools.gnu-tools-for-stm32.10.3-2021.10.linux64_1.0.0.202111181127/tools/bin/../lib/gcc/arm-none-eabi/10.3.1/../../../../arm-none-eabi/lib/thumb/v7e-m+fp/hard/libc_nano.a(lib_a-memset.o)
                0x000000000800e7ec                memset
 .text.sbrk_aligned
                0x000000000800e7fc       0x40 /home/abhaas/st/stm32cubeide_1.9.0/plugins/com.st.stm32cube.ide.mcu.externaltools.gnu-tools-for-stm32.10.3-2021.10.linux64_1.0.0.202111181127/tools/bin/../lib/gcc/arm-none-eabi/10.3.1/../../../../arm-none-eabi/lib/thumb/v7e-m+fp/hard/libc_nano.a(lib_a-nano-mallocr.o)
 .text._malloc_r
                0x000000000800e83c       0xe8 /home/abhaas/st/stm32cubeide_1.9.0/plugins/com.st.stm32cube.ide.mcu.externaltools.gnu-tools-for-stm32.10.3-2021.10.linux64_1.0.0.202111181127/tools/bin/../lib/gcc/arm-none-eabi/10.3.1/../../../../arm-none-eabi/lib/thumb/v7e-m+fp/hard/libc_nano.a(lib_a-nano-mallocr.o)
                0x000000000800e83c                _malloc_r
 .text.cleanup_glue
                0x000000000800e924       0x1a /home/abhaas/st/stm32cubeide_1.9.0/plugins/com.st.stm32cube.ide.mcu.externaltools.gnu-tools-for-stm32.10.3-2021.10.linux64_1.0.0.202111181127/tools/bin/../lib/gcc/arm-none-eabi/10.3.1/../../../../arm-none-eabi/lib/thumb/v7e-m+fp/hard/libc_nano.a(lib_a-reent.o)
                0x000000000800e924                cleanup_glue
 *fill*         0x000000000800e93e        0x2 
 .text._reclaim_reent
                0x000000000800e940       0xb8 /home/abhaas/st/stm32cubeide_1.9.0/plugins/com.st.stm32cube.ide.mcu.externaltools.gnu-tools-for-stm32.10.3-2021.10.linux64_1.0.0.202111181127/tools/bin/../lib/gcc/arm-none-eabi/10.3.1/../../../../arm-none-eabi/lib/thumb/v7e-m+fp/hard/libc_nano.a(lib_a-reent.o)
                0x000000000800e940                _reclaim_reent
 .text._sbrk_r  0x000000000800e9f8       0x20 /home/abhaas/st/stm32cubeide_1.9.0/plugins/com.st.stm32cube.ide.mcu.externaltools.gnu-tools-for-stm32.10.3-2021.10.linux64_1.0.0.202111181127/tools/bin/../lib/gcc/arm-none-eabi/10.3.1/../../../../arm-none-eabi/lib/thumb/v7e-m+fp/hard/libc_nano.a(lib_a-sbrkr.o)
                0x000000000800e9f8                _sbrk_r
 .text.sprintf  0x000000000800ea18       0x40 /home/abhaas/st/stm32cubeide_1.9.0/plugins/com.st.stm32cube.ide.mcu.externaltools.gnu-tools-for-stm32.10.3-2021.10.linux64_1.0.0.202111181127/tools/bin/../lib/gcc/arm-none-eabi/10.3.1/../../../../arm-none-eabi/lib/thumb/v7e-m+fp/hard/libc_nano.a(lib_a-sprintf.o)
                0x000000000800ea18                sprintf
                0x000000000800ea18                siprintf
 .text.strncpy  0x000000000800ea58       0x26 /home/abhaas/st/stm32cubeide_1.9.0/plugins/com.st.stm32cube.ide.mcu.externaltools.gnu-tools-for-stm32.10.3-2021.10.linux64_1.0.0.202111181127/tools/bin/../lib/gcc/arm-none-eabi/10.3.1/../../../../arm-none-eabi/lib/thumb/v7e-m+fp/hard/libc_nano.a(lib_a-strncpy.o)
                0x000000000800ea58                strncpy
 *fill*         0x000000000800ea7e        0x2 
 .text.__malloc_lock
                0x000000000800ea80        0xc /home/abhaas/st/stm32cubeide_1.9.0/plugins/com.st.stm32cube.ide.mcu.externaltools.gnu-tools-for-stm32.10.3-2021.10.linux64_1.0.0.202111181127/tools/bin/../lib/gcc/arm-none-eabi/10.3.1/../../../../arm-none-eabi/lib/thumb/v7e-m+fp/hard/libc_nano.a(lib_a-mlock.o)
                0x000000000800ea80                __malloc_lock
 .text.__malloc_unlock
                0x000000000800ea8c        0xc /home/abhaas/st/stm32cubeide_1.9.0/plugins/com.st.stm32cube.ide.mcu.externaltools.gnu-tools-for-stm32.10.3-2021.10.linux64_1.0.0.202111181127/tools/bin/../lib/gcc/arm-none-eabi/10.3.1/../../../../arm-none-eabi/lib/thumb/v7e-m+fp/hard/libc_nano.a(lib_a-mlock.o)
                0x000000000800ea8c                __malloc_unlock
 .text._free_r  0x000000000800ea98       0x98 /home/abhaas/st/stm32cubeide_1.9.0/plugins/com.st.stm32cube.ide.mcu.externaltools.gnu-tools-for-stm32.10.3-2021.10.linux64_1.0.0.202111181127/tools/bin/../lib/gcc/arm-none-eabi/10.3.1/../../../../arm-none-eabi/lib/thumb/v7e-m+fp/hard/libc_nano.a(lib_a-nano-freer.o)
                0x000000000800ea98                _free_r
 .text.__ssputs_r
                0x000000000800eb30       0xb6 /home/abhaas/st/stm32cubeide_1.9.0/plugins/com.st.stm32cube.ide.mcu.externaltools.gnu-tools-for-stm32.10.3-2021.10.linux64_1.0.0.202111181127/tools/bin/../lib/gcc/arm-none-eabi/10.3.1/../../../../arm-none-eabi/lib/thumb/v7e-m+fp/hard/libc_nano.a(lib_a-nano-svfprintf.o)
                0x000000000800eb30                __ssputs_r
 *fill*         0x000000000800ebe6        0x2 
 .text._svfprintf_r
                0x000000000800ebe8      0x200 /home/abhaas/st/stm32cubeide_1.9.0/plugins/com.st.stm32cube.ide.mcu.externaltools.gnu-tools-for-stm32.10.3-2021.10.linux64_1.0.0.202111181127/tools/bin/../lib/gcc/arm-none-eabi/10.3.1/../../../../arm-none-eabi/lib/thumb/v7e-m+fp/hard/libc_nano.a(lib_a-nano-svfprintf.o)
                0x000000000800ebe8                _svfprintf_r
                0x000000000800ebe8                _svfiprintf_r
 .text._printf_common
                0x000000000800ede8       0xda /home/abhaas/st/stm32cubeide_1.9.0/plugins/com.st.stm32cube.ide.mcu.externaltools.gnu-tools-for-stm32.10.3-2021.10.linux64_1.0.0.202111181127/tools/bin/../lib/gcc/arm-none-eabi/10.3.1/../../../../arm-none-eabi/lib/thumb/v7e-m+fp/hard/libc_nano.a(lib_a-nano-vfprintf_i.o)
                0x000000000800ede8                _printf_common
 *fill*         0x000000000800eec2        0x2 
 .text._printf_i
                0x000000000800eec4      0x24c /home/abhaas/st/stm32cubeide_1.9.0/plugins/com.st.stm32cube.ide.mcu.externaltools.gnu-tools-for-stm32.10.3-2021.10.linux64_1.0.0.202111181127/tools/bin/../lib/gcc/arm-none-eabi/10.3.1/../../../../arm-none-eabi/lib/thumb/v7e-m+fp/hard/libc_nano.a(lib_a-nano-vfprintf_i.o)
                0x000000000800eec4                _printf_i
 .text.memmove  0x000000000800f110       0x34 /home/abhaas/st/stm32cubeide_1.9.0/plugins/com.st.stm32cube.ide.mcu.externaltools.gnu-tools-for-stm32.10.3-2021.10.linux64_1.0.0.202111181127/tools/bin/../lib/gcc/arm-none-eabi/10.3.1/../../../../arm-none-eabi/lib/thumb/v7e-m+fp/hard/libc_nano.a(lib_a-memmove.o)
                0x000000000800f110                memmove
 .text._realloc_r
                0x000000000800f144       0x5e /home/abhaas/st/stm32cubeide_1.9.0/plugins/com.st.stm32cube.ide.mcu.externaltools.gnu-tools-for-stm32.10.3-2021.10.linux64_1.0.0.202111181127/tools/bin/../lib/gcc/arm-none-eabi/10.3.1/../../../../arm-none-eabi/lib/thumb/v7e-m+fp/hard/libc_nano.a(lib_a-nano-reallocr.o)
                0x000000000800f144                _realloc_r
 .text._malloc_usable_size_r
                0x000000000800f1a2       0x10 /home/abhaas/st/stm32cubeide_1.9.0/plugins/com.st.stm32cube.ide.mcu.externaltools.gnu-tools-for-stm32.10.3-2021.10.linux64_1.0.0.202111181127/tools/bin/../lib/gcc/arm-none-eabi/10.3.1/../../../../arm-none-eabi/lib/thumb/v7e-m+fp/hard/libc_nano.a(lib_a-nano-msizer.o)
                0x000000000800f1a2                _malloc_usable_size_r
 *(.glue_7)
 .glue_7        0x000000000800f1b2        0x0 linker stubs
 *(.glue_7t)
 .glue_7t       0x000000000800f1b2        0x0 linker stubs
 *(.eh_frame)
 *fill*         0x000000000800f1b2        0x2 
 .eh_frame      0x000000000800f1b4        0x0 /home/abhaas/st/stm32cubeide_1.9.0/plugins/com.st.stm32cube.ide.mcu.externaltools.gnu-tools-for-stm32.10.3-2021.10.linux64_1.0.0.202111181127/tools/bin/../lib/gcc/arm-none-eabi/10.3.1/thumb/v7e-m+fp/hard/crtbegin.o
 *(.init)
 .init          0x000000000800f1b4        0x4 /home/abhaas/st/stm32cubeide_1.9.0/plugins/com.st.stm32cube.ide.mcu.externaltools.gnu-tools-for-stm32.10.3-2021.10.linux64_1.0.0.202111181127/tools/bin/../lib/gcc/arm-none-eabi/10.3.1/thumb/v7e-m+fp/hard/crti.o
                0x000000000800f1b4                _init
 .init          0x000000000800f1b8        0x8 /home/abhaas/st/stm32cubeide_1.9.0/plugins/com.st.stm32cube.ide.mcu.externaltools.gnu-tools-for-stm32.10.3-2021.10.linux64_1.0.0.202111181127/tools/bin/../lib/gcc/arm-none-eabi/10.3.1/thumb/v7e-m+fp/hard/crtn.o
 *(.fini)
 .fini          0x000000000800f1c0        0x4 /home/abhaas/st/stm32cubeide_1.9.0/plugins/com.st.stm32cube.ide.mcu.externaltools.gnu-tools-for-stm32.10.3-2021.10.linux64_1.0.0.202111181127/tools/bin/../lib/gcc/arm-none-eabi/10.3.1/thumb/v7e-m+fp/hard/crti.o
                0x000000000800f1c0                _fini
 .fini          0x000000000800f1c4        0x8 /home/abhaas/st/stm32cubeide_1.9.0/plugins/com.st.stm32cube.ide.mcu.externaltools.gnu-tools-for-stm32.10.3-2021.10.linux64_1.0.0.202111181127/tools/bin/../lib/gcc/arm-none-eabi/10.3.1/thumb/v7e-m+fp/hard/crtn.o
                0x000000000800f1cc                . = ALIGN (0x4)
                0x000000000800f1cc                _etext = .

.vfp11_veneer   0x000000000800f1cc        0x0
 .vfp11_veneer  0x000000000800f1cc        0x0 linker stubs

.v4_bx          0x000000000800f1cc        0x0
 .v4_bx         0x000000000800f1cc        0x0 linker stubs

.iplt           0x000000000800f1cc        0x0
 .iplt          0x000000000800f1cc        0x0 /home/abhaas/st/stm32cubeide_1.9.0/plugins/com.st.stm32cube.ide.mcu.externaltools.gnu-tools-for-stm32.10.3-2021.10.linux64_1.0.0.202111181127/tools/bin/../lib/gcc/arm-none-eabi/10.3.1/thumb/v7e-m+fp/hard/crtbegin.o

.rodata         0x000000000800f1cc    0x12534
                0x000000000800f1cc                . = ALIGN (0x4)
 *(.rodata)
 .rodata        0x000000000800f1cc      0x11b ./Core/Src/main.o
 *fill*         0x000000000800f2e7        0x1 
 .rodata        0x000000000800f2e8       0x48 ./Middlewares/Third_Party/FatFs/src/ff.o
 .rodata        0x000000000800f330        0x5 ./Middlewares/Third_Party/FreeRTOS/Source/tasks.o
 *fill*         0x000000000800f335        0x3 
 .rodata        0x000000000800f338        0xd ./Middlewares/Third_Party/FreeRTOS/Source/timers.o
 *(.rodata*)
 *fill*         0x000000000800f345        0x3 
 .rodata.ProcessInput_attributes
                0x000000000800f348       0x24 ./Core/Src/main.o
                0x000000000800f348                ProcessInput_attributes
 .rodata.saveFile_attributes
                0x000000000800f36c       0x24 ./Core/Src/main.o
                0x000000000800f36c                saveFile_attributes
 .rodata.sendLCD_attributes
                0x000000000800f390       0x24 ./Core/Src/main.o
                0x000000000800f390                sendLCD_attributes
 .rodata.AHBPrescTable
                0x000000000800f3b4       0x10 ./Core/Src/system_stm32f4xx.o
                0x000000000800f3b4                AHBPrescTable
 .rodata.APBPrescTable
                0x000000000800f3c4        0x8 ./Core/Src/system_stm32f4xx.o
                0x000000000800f3c4                APBPrescTable
 .rodata.flagBitshiftOffset.0
                0x000000000800f3cc        0x8 ./Drivers/STM32F4xx_HAL_Driver/Src/stm32f4xx_hal_dma.o
 .rodata.ExCvt  0x000000000800f3d4       0x80 ./Middlewares/Third_Party/FatFs/src/ff.o
 .rodata.LfnOfs
                0x000000000800f454        0xd ./Middlewares/Third_Party/FatFs/src/ff.o
 *fill*         0x000000000800f461        0x3 
 .rodata.Tbl    0x000000000800f464      0x100 ./Middlewares/Third_Party/FatFs/src/option/ccsbcs.o
 .rodata.cvt1.1
                0x000000000800f564      0x1f2 ./Middlewares/Third_Party/FatFs/src/option/ccsbcs.o
 *fill*         0x000000000800f756        0x2 
 .rodata.cvt2.0
                0x000000000800f758       0xbc ./Middlewares/Third_Party/FatFs/src/option/ccsbcs.o
 .rodata.realCoefAQ15
                0x000000000800f814     0x4000 ../libs/libarm_cortexM4lf_math.a(arm_rfft_init_q15.o)
 .rodata.realCoefBQ15
                0x0000000008013814     0x4000 ../libs/libarm_cortexM4lf_math.a(arm_rfft_init_q15.o)
 .rodata.arm_cfft_sR_q15_len1024
                0x0000000008017814       0x10 ../libs/libarm_cortexM4lf_math.a(arm_const_structs.o)
                0x0000000008017814                arm_cfft_sR_q15_len1024
 .rodata.arm_cfft_sR_q15_len16
                0x0000000008017824       0x10 ../libs/libarm_cortexM4lf_math.a(arm_const_structs.o)
                0x0000000008017824                arm_cfft_sR_q15_len16
 .rodata.arm_cfft_sR_q15_len32
                0x0000000008017834       0x10 ../libs/libarm_cortexM4lf_math.a(arm_const_structs.o)
                0x0000000008017834                arm_cfft_sR_q15_len32
 .rodata.arm_cfft_sR_q15_len4096
                0x0000000008017844       0x10 ../libs/libarm_cortexM4lf_math.a(arm_const_structs.o)
                0x0000000008017844                arm_cfft_sR_q15_len4096
 .rodata.arm_cfft_sR_q15_len512
                0x0000000008017854       0x10 ../libs/libarm_cortexM4lf_math.a(arm_const_structs.o)
                0x0000000008017854                arm_cfft_sR_q15_len512
 .rodata.arm_cfft_sR_q15_len64
                0x0000000008017864       0x10 ../libs/libarm_cortexM4lf_math.a(arm_const_structs.o)
                0x0000000008017864                arm_cfft_sR_q15_len64
 .rodata.arm_cfft_sR_q15_len256
                0x0000000008017874       0x10 ../libs/libarm_cortexM4lf_math.a(arm_const_structs.o)
                0x0000000008017874                arm_cfft_sR_q15_len256
 .rodata.arm_cfft_sR_q15_len128
                0x0000000008017884       0x10 ../libs/libarm_cortexM4lf_math.a(arm_const_structs.o)
                0x0000000008017884                arm_cfft_sR_q15_len128
 .rodata.arm_cfft_sR_q15_len2048
                0x0000000008017894       0x10 ../libs/libarm_cortexM4lf_math.a(arm_const_structs.o)
                0x0000000008017894                arm_cfft_sR_q15_len2048
 .rodata.armBitRevIndexTable_fixed_128
                0x00000000080178a4       0xe0 ../libs/libarm_cortexM4lf_math.a(arm_common_tables.o)
                0x00000000080178a4                armBitRevIndexTable_fixed_128
 .rodata.armBitRevIndexTable_fixed_2048
                0x0000000008017984      0xf80 ../libs/libarm_cortexM4lf_math.a(arm_common_tables.o)
                0x0000000008017984                armBitRevIndexTable_fixed_2048
 .rodata.armBitRevIndexTable_fixed_4096
                0x0000000008018904     0x1f80 ../libs/libarm_cortexM4lf_math.a(arm_common_tables.o)
                0x0000000008018904                armBitRevIndexTable_fixed_4096
 .rodata.armBitRevIndexTable_fixed_1024
                0x000000000801a884      0x7c0 ../libs/libarm_cortexM4lf_math.a(arm_common_tables.o)
                0x000000000801a884                armBitRevIndexTable_fixed_1024
 .rodata.twiddleCoef_1024_q15
                0x000000000801b044      0xc00 ../libs/libarm_cortexM4lf_math.a(arm_common_tables.o)
                0x000000000801b044                twiddleCoef_1024_q15
 .rodata.twiddleCoef_32_q15
                0x000000000801bc44       0x60 ../libs/libarm_cortexM4lf_math.a(arm_common_tables.o)
                0x000000000801bc44                twiddleCoef_32_q15
 .rodata.twiddleCoef_4096_q15
                0x000000000801bca4     0x3000 ../libs/libarm_cortexM4lf_math.a(arm_common_tables.o)
                0x000000000801bca4                twiddleCoef_4096_q15
 .rodata.twiddleCoef_16_q15
                0x000000000801eca4       0x30 ../libs/libarm_cortexM4lf_math.a(arm_common_tables.o)
                0x000000000801eca4                twiddleCoef_16_q15
 .rodata.twiddleCoef_64_q15
                0x000000000801ecd4       0xc0 ../libs/libarm_cortexM4lf_math.a(arm_common_tables.o)
                0x000000000801ecd4                twiddleCoef_64_q15
 .rodata.twiddleCoef_2048_q15
                0x000000000801ed94     0x1800 ../libs/libarm_cortexM4lf_math.a(arm_common_tables.o)
                0x000000000801ed94                twiddleCoef_2048_q15
 .rodata.twiddleCoef_256_q15
                0x0000000008020594      0x300 ../libs/libarm_cortexM4lf_math.a(arm_common_tables.o)
                0x0000000008020594                twiddleCoef_256_q15
 .rodata.twiddleCoef_512_q15
                0x0000000008020894      0x600 ../libs/libarm_cortexM4lf_math.a(arm_common_tables.o)
                0x0000000008020894                twiddleCoef_512_q15
 .rodata.armBitRevIndexTable_fixed_512
                0x0000000008020e94      0x3c0 ../libs/libarm_cortexM4lf_math.a(arm_common_tables.o)
                0x0000000008020e94                armBitRevIndexTable_fixed_512
 .rodata.armBitRevIndexTable_fixed_16
                0x0000000008021254       0x18 ../libs/libarm_cortexM4lf_math.a(arm_common_tables.o)
                0x0000000008021254                armBitRevIndexTable_fixed_16
 .rodata.twiddleCoef_128_q15
                0x000000000802126c      0x180 ../libs/libarm_cortexM4lf_math.a(arm_common_tables.o)
                0x000000000802126c                twiddleCoef_128_q15
 .rodata.armBitRevIndexTable_fixed_32
                0x00000000080213ec       0x30 ../libs/libarm_cortexM4lf_math.a(arm_common_tables.o)
                0x00000000080213ec                armBitRevIndexTable_fixed_32
 .rodata.armBitRevIndexTable_fixed_256
                0x000000000802141c      0x1e0 ../libs/libarm_cortexM4lf_math.a(arm_common_tables.o)
                0x000000000802141c                armBitRevIndexTable_fixed_256
 .rodata.armBitRevIndexTable_fixed_64
                0x00000000080215fc       0x70 ../libs/libarm_cortexM4lf_math.a(arm_common_tables.o)
                0x00000000080215fc                armBitRevIndexTable_fixed_64
 .rodata.__sf_fake_stderr
                0x000000000802166c       0x20 /home/abhaas/st/stm32cubeide_1.9.0/plugins/com.st.stm32cube.ide.mcu.externaltools.gnu-tools-for-stm32.10.3-2021.10.linux64_1.0.0.202111181127/tools/bin/../lib/gcc/arm-none-eabi/10.3.1/../../../../arm-none-eabi/lib/thumb/v7e-m+fp/hard/libc_nano.a(lib_a-findfp.o)
                0x000000000802166c                __sf_fake_stderr
 .rodata.__sf_fake_stdin
                0x000000000802168c       0x20 /home/abhaas/st/stm32cubeide_1.9.0/plugins/com.st.stm32cube.ide.mcu.externaltools.gnu-tools-for-stm32.10.3-2021.10.linux64_1.0.0.202111181127/tools/bin/../lib/gcc/arm-none-eabi/10.3.1/../../../../arm-none-eabi/lib/thumb/v7e-m+fp/hard/libc_nano.a(lib_a-findfp.o)
                0x000000000802168c                __sf_fake_stdin
 .rodata.__sf_fake_stdout
                0x00000000080216ac       0x20 /home/abhaas/st/stm32cubeide_1.9.0/plugins/com.st.stm32cube.ide.mcu.externaltools.gnu-tools-for-stm32.10.3-2021.10.linux64_1.0.0.202111181127/tools/bin/../lib/gcc/arm-none-eabi/10.3.1/../../../../arm-none-eabi/lib/thumb/v7e-m+fp/hard/libc_nano.a(lib_a-findfp.o)
                0x00000000080216ac                __sf_fake_stdout
 .rodata._svfprintf_r.str1.1
                0x00000000080216cc       0x11 /home/abhaas/st/stm32cubeide_1.9.0/plugins/com.st.stm32cube.ide.mcu.externaltools.gnu-tools-for-stm32.10.3-2021.10.linux64_1.0.0.202111181127/tools/bin/../lib/gcc/arm-none-eabi/10.3.1/../../../../arm-none-eabi/lib/thumb/v7e-m+fp/hard/libc_nano.a(lib_a-nano-svfprintf.o)
 .rodata._printf_i.str1.1
                0x00000000080216dd       0x22 /home/abhaas/st/stm32cubeide_1.9.0/plugins/com.st.stm32cube.ide.mcu.externaltools.gnu-tools-for-stm32.10.3-2021.10.linux64_1.0.0.202111181127/tools/bin/../lib/gcc/arm-none-eabi/10.3.1/../../../../arm-none-eabi/lib/thumb/v7e-m+fp/hard/libc_nano.a(lib_a-nano-vfprintf_i.o)
                0x0000000008021700                . = ALIGN (0x4)
 *fill*         0x00000000080216ff        0x1 

.ARM.extab      0x0000000008021700        0x0
                0x0000000008021700                . = ALIGN (0x4)
 *(.ARM.extab* .gnu.linkonce.armextab.*)
                0x0000000008021700                . = ALIGN (0x4)

.ARM            0x0000000008021700        0x8
                0x0000000008021700                . = ALIGN (0x4)
                0x0000000008021700                __exidx_start = .
 *(.ARM.exidx*)
 .ARM.exidx     0x0000000008021700        0x8 /home/abhaas/st/stm32cubeide_1.9.0/plugins/com.st.stm32cube.ide.mcu.externaltools.gnu-tools-for-stm32.10.3-2021.10.linux64_1.0.0.202111181127/tools/bin/../lib/gcc/arm-none-eabi/10.3.1/thumb/v7e-m+fp/hard/libgcc.a(_udivmoddi4.o)
                0x0000000008021708                __exidx_end = .
                0x0000000008021708                . = ALIGN (0x4)

.rel.dyn        0x0000000008021708        0x0
 .rel.iplt      0x0000000008021708        0x0 /home/abhaas/st/stm32cubeide_1.9.0/plugins/com.st.stm32cube.ide.mcu.externaltools.gnu-tools-for-stm32.10.3-2021.10.linux64_1.0.0.202111181127/tools/bin/../lib/gcc/arm-none-eabi/10.3.1/thumb/v7e-m+fp/hard/crtbegin.o

.preinit_array  0x0000000008021708        0x0
                0x0000000008021708                . = ALIGN (0x4)
                0x0000000008021708                PROVIDE (__preinit_array_start = .)
 *(.preinit_array*)
                0x0000000008021708                PROVIDE (__preinit_array_end = .)
                0x0000000008021708                . = ALIGN (0x4)

.init_array     0x0000000008021708        0x4
                0x0000000008021708                . = ALIGN (0x4)
                0x0000000008021708                PROVIDE (__init_array_start = .)
 *(SORT_BY_NAME(.init_array.*))
 *(.init_array*)
 .init_array    0x0000000008021708        0x4 /home/abhaas/st/stm32cubeide_1.9.0/plugins/com.st.stm32cube.ide.mcu.externaltools.gnu-tools-for-stm32.10.3-2021.10.linux64_1.0.0.202111181127/tools/bin/../lib/gcc/arm-none-eabi/10.3.1/thumb/v7e-m+fp/hard/crtbegin.o
                0x000000000802170c                PROVIDE (__init_array_end = .)
                0x000000000802170c                . = ALIGN (0x4)

.fini_array     0x000000000802170c        0x4
                0x000000000802170c                . = ALIGN (0x4)
                [!provide]                        PROVIDE (__fini_array_start = .)
 *(SORT_BY_NAME(.fini_array.*))
 *(.fini_array*)
 .fini_array    0x000000000802170c        0x4 /home/abhaas/st/stm32cubeide_1.9.0/plugins/com.st.stm32cube.ide.mcu.externaltools.gnu-tools-for-stm32.10.3-2021.10.linux64_1.0.0.202111181127/tools/bin/../lib/gcc/arm-none-eabi/10.3.1/thumb/v7e-m+fp/hard/crtbegin.o
                [!provide]                        PROVIDE (__fini_array_end = .)
                0x0000000008021710                . = ALIGN (0x4)
                0x0000000008021710                _sidata = LOADADDR (.data)

.data           0x0000000020000000      0x114 load address 0x0000000008021710
                0x0000000020000000                . = ALIGN (0x4)
                0x0000000020000000                _sdata = .
 *(.data)
 *(.data*)
 .data.Stat     0x0000000020000000        0x1 ./Core/Src/fatfs_sd.o
 *fill*         0x0000000020000001        0x3 
 .data.filter_taps_float
                0x0000000020000004       0x78 ./Core/Src/main.o
 .data.in_buf_ptr
                0x000000002000007c        0x4 ./Core/Src/main.o
                0x000000002000007c                in_buf_ptr
 .data.out_buf_ptr
                0x0000000020000080        0x4 ./Core/Src/main.o
                0x0000000020000080                out_buf_ptr
 .data.out_buf_char_ptr
                0x0000000020000084        0x4 ./Core/Src/main.o
                0x0000000020000084                out_buf_char_ptr
 .data.sound_activity_detected
                0x0000000020000088        0x1 ./Core/Src/main.o
 *fill*         0x0000000020000089        0x3 
 .data.SystemCoreClock
                0x000000002000008c        0x4 ./Core/Src/system_stm32f4xx.o
                0x000000002000008c                SystemCoreClock
 .data.uwTickPrio
                0x0000000020000090        0x4 ./Drivers/STM32F4xx_HAL_Driver/Src/stm32f4xx_hal.o
                0x0000000020000090                uwTickPrio
 .data.uwTickFreq
                0x0000000020000094        0x1 ./Drivers/STM32F4xx_HAL_Driver/Src/stm32f4xx_hal.o
                0x0000000020000094                uwTickFreq
 .data.Stat     0x0000000020000095        0x1 ./FATFS/Target/user_diskio.o
 *fill*         0x0000000020000096        0x2 
 .data.USER_Driver
                0x0000000020000098       0x14 ./FATFS/Target/user_diskio.o
                0x0000000020000098                USER_Driver
 .data.uxCriticalNesting
                0x00000000200000ac        0x4 ./Middlewares/Third_Party/FreeRTOS/Source/portable/GCC/ARM_CM4F/port.o
 .data._impure_ptr
                0x00000000200000b0        0x4 /home/abhaas/st/stm32cubeide_1.9.0/plugins/com.st.stm32cube.ide.mcu.externaltools.gnu-tools-for-stm32.10.3-2021.10.linux64_1.0.0.202111181127/tools/bin/../lib/gcc/arm-none-eabi/10.3.1/../../../../arm-none-eabi/lib/thumb/v7e-m+fp/hard/libc_nano.a(lib_a-impure.o)
                0x00000000200000b0                _impure_ptr
 .data.impure_data
                0x00000000200000b4       0x60 /home/abhaas/st/stm32cubeide_1.9.0/plugins/com.st.stm32cube.ide.mcu.externaltools.gnu-tools-for-stm32.10.3-2021.10.linux64_1.0.0.202111181127/tools/bin/../lib/gcc/arm-none-eabi/10.3.1/../../../../arm-none-eabi/lib/thumb/v7e-m+fp/hard/libc_nano.a(lib_a-impure.o)
 *(.RamFunc)
 *(.RamFunc*)
                0x0000000020000114                . = ALIGN (0x4)
                0x0000000020000114                _edata = .

.igot.plt       0x0000000020000114        0x0 load address 0x0000000008021824
 .igot.plt      0x0000000020000114        0x0 /home/abhaas/st/stm32cubeide_1.9.0/plugins/com.st.stm32cube.ide.mcu.externaltools.gnu-tools-for-stm32.10.3-2021.10.linux64_1.0.0.202111181127/tools/bin/../lib/gcc/arm-none-eabi/10.3.1/thumb/v7e-m+fp/hard/crtbegin.o
                0x0000000020000114                . = ALIGN (0x4)

.bss            0x0000000020000114     0xa638 load address 0x0000000008021824
                0x0000000020000114                _sbss = .
                0x0000000020000114                __bss_start__ = _sbss
 *(.bss)
 .bss           0x0000000020000114       0x1c /home/abhaas/st/stm32cubeide_1.9.0/plugins/com.st.stm32cube.ide.mcu.externaltools.gnu-tools-for-stm32.10.3-2021.10.linux64_1.0.0.202111181127/tools/bin/../lib/gcc/arm-none-eabi/10.3.1/thumb/v7e-m+fp/hard/crtbegin.o
 *(.bss*)
 .bss.CardType  0x0000000020000130        0x1 ./Core/Src/fatfs_sd.o
 .bss.PowerFlag
                0x0000000020000131        0x1 ./Core/Src/fatfs_sd.o
 *fill*         0x0000000020000132        0x2 
 .bss.hadc1     0x0000000020000134       0x48 ./Core/Src/main.o
                0x0000000020000134                hadc1
 .bss.hdma_adc1
                0x000000002000017c       0x60 ./Core/Src/main.o
                0x000000002000017c                hdma_adc1
 .bss.hi2c1     0x00000000200001dc       0x54 ./Core/Src/main.o
                0x00000000200001dc                hi2c1
 .bss.hspi2     0x0000000020000230       0x58 ./Core/Src/main.o
                0x0000000020000230                hspi2
 .bss.htim2     0x0000000020000288       0x48 ./Core/Src/main.o
                0x0000000020000288                htim2