../Core/Src/main.c:211:6:fast_delay	16	static
../Core/Src/main.c:235:6:send_uart	16	static
../Core/Src/main.c:244:9:open_append	16	static
../Core/Src/main.c:252:6:mount_sd_card	216	static
../Core/Src/main.c:287:6:process_data	32	static
../Core/Src/main.c:350:5:main	16	static
../Core/Src/main.c:460:6:SystemClock_Config	88	static
../Core/Src/main.c:506:13:MX_ADC1_Init	24	static
../Core/Src/main.c:558:13:MX_I2C1_Init	8	static
../Core/Src/main.c:592:13:MX_SPI2_Init	8	static
../Core/Src/main.c:630:13:MX_TIM2_Init	32	static
../Core/Src/main.c:675:13:MX_USART2_UART_Init	8	static
../Core/Src/main.c:706:13:MX_DMA_Init	16	static
../Core/Src/main.c:728:13:MX_GPIO_Init	48	static
../Core/Src/main.c:777:6:HAL_ADC_ConvHalfCpltCallback	16	static
../Core/Src/main.c:784:6:HAL_ADC_ConvCpltCallback	16	static
../Core/Src/main.c:792:6:HAL_GPIO_EXTI_Callback	16	static
../Core/Src/main.c:807:6:StartProcessInput	16	static
../Core/Src/main.c:832:6:StartSaveFile	64	static
../Core/Src/main.c:873:6:StartSendLCD	40	static
../Core/Src/main.c:902:6:HAL_TIM_PeriodElapsedCallback	16	static
../Core/Src/main.c:919:6:Error_Handler	4	static,ignoring_inline_asm
